           (0x0 bytes)
0x00000000 Section: crt0.a,.text.startup
0x0000000d    _InterruptVector
           (0x29 bytes)
0x00000029 Section: crt0.a,.text.interrupt
           (0x1 bytes)
0x0000002a Section: crt0.a,.text.premain2
           (0x3 bytes)
0x0000002d Section: crt0.a,.text
0x00000000    _STACKSIZE
           (0x0 bytes)
0x0000002d Section: crt0.a,.text.premain
0x0000002d    _premain
           (0x59 bytes)
0x00000086 Section: lib832.a,.text.0
           (0x9f bytes)
0x00000125 Section: lib832.a,.rodata.1
           (0x11 bytes)
0x00000136 Section: lib832.a,.text.2
           (0x31 bytes)
0x00000167 Section: lib832.a,.text.3
           (0x1c8 bytes)
0x0000032f Section: lib832.a,.text.5
0x0000032f    _printf
           (0x13 bytes)
0x00000342 Section: lib832.a,.text.0
           (0x1b bytes)
0x0000035d Section: lib832.a,.text._div_32by32
0x0000035d    _div_u32byu32
0x00000391    _div_s32bys32
           (0x65 bytes)
0x000003c2 Section: 832dir/helloworld.o,.text.0
0x000003c2    _main
           (0x10 bytes)
0x000003d2 Section: 832dir/helloworld.o,.rodata.1
           (0x13 bytes)
0x000003e5 Section: <internal>,__ctors_start__
0x000003e5    __ctors_start__
           (0x0 bytes)
0x000003e5 Section: <internal>,__ctors_end__
0x000003e5    __ctors_end__
           (0x0 bytes)
0x000003e5 Section: <internal>,__dtors_start__
0x000003e5    __dtors_start__
           (0x0 bytes)
0x000003e5 Section: <internal>,__dtors_end__
0x000003e5    __dtors_end__
           (0x0 bytes)
0x000003e5 Section: <internal>,__bss_start__
0x000003e8    __bss_start__
           (0x3 bytes)
0x000003e8 Section: lib832.a,.bss.a
           (0x10 bytes)
0x000003f8 Section: <internal>,__bss_end__
0x000003f8    __bss_end__
