           (0x0 bytes)
0x00000000 Section: crt0.a,.text.startup
0x0000000d    _InterruptVector
           (0x29 bytes)
0x00000029 Section: crt0.a,.text.interrupt
           (0x1 bytes)
0x0000002a Section: crt0.a,.text.premain2
           (0x3 bytes)
0x0000002d Section: crt0.a,.text
0x00000000    _STACKSIZE
           (0x0 bytes)
0x0000002d Section: crt0.a,.text.premain
0x0000002d    _premain
           (0x59 bytes)
0x00000086 Section: libtiny832.a,.text.0
           (0x125 bytes)
0x000001ab Section: libtiny832.a,.text.0
           (0x1b bytes)
0x000001c6 Section: libtiny832.a,.text.1
0x000001c6    _puts
           (0x24 bytes)
0x000001ea Section: 832dir/helloworld.o,.text.0
0x000001ea    _main
           (0x10 bytes)
0x000001fa Section: 832dir/helloworld.o,.rodata.1
           (0x13 bytes)
0x0000020d Section: <internal>,__ctors_start__
0x0000020d    __ctors_start__
           (0x0 bytes)
0x0000020d Section: <internal>,__ctors_end__
0x0000020d    __ctors_end__
           (0x0 bytes)
0x0000020d Section: <internal>,__dtors_start__
0x0000020d    __dtors_start__
           (0x0 bytes)
0x0000020d Section: <internal>,__dtors_end__
0x0000020d    __dtors_end__
           (0x0 bytes)
0x0000020d Section: <internal>,__bss_start__
0x00000210    __bss_start__
           (0x3 bytes)
0x00000210 Section: <internal>,__bss_end__
0x00000210    __bss_end__
