Archive member included to satisfy reference by file (symbol)

/opt/riscv32i/lib/gcc/riscv32-unknown-elf/8.2.0//libgcc.a(div.o)
                              uart.o (__divsi3)

Discarded input sections

 .comment       0x0000000000000000       0x12 main.o
 .comment       0x0000000000000000       0x12 interrupts.o
 .comment       0x0000000000000000       0x12 timer.o
 .comment       0x0000000000000000       0x12 start.o
 .group         0x0000000000000000        0xc spi.o
 .comment       0x0000000000000000       0x12 spi.o
 .comment       0x0000000000000000       0x12 printf.o
 .comment       0x0000000000000000       0x12 uart.o
 .comment       0x0000000000000000       0x12 apf.o
 .comment       0x0000000000000000       0x12 minimig.o
 .group         0x0000000000000000        0xc minimig_fdd.o
 .comment       0x0000000000000000       0x12 minimig_fdd.o
 .comment       0x0000000000000000       0x12 minimig_config.o
 .comment       0x0000000000000000       0x12 minimig_inputs.o

Memory Configuration

Name             Origin             Length             Attributes
rom              0x0000000000000000 0x0000000000008000 xrw
ram              0x0000000000008000 0x0000000000001000 rw
*default*        0x0000000000000000 0xffffffffffffffff

Linker script and memory map

LOAD main.o
LOAD interrupts.o
LOAD timer.o
LOAD start.o
LOAD spi.o
LOAD printf.o
LOAD uart.o
LOAD apf.o
LOAD minimig.o
LOAD minimig_fdd.o
LOAD minimig_config.o
LOAD minimig_inputs.o
LOAD startup.o
                0x0000000000000000                . = 0x0

.rom            0x0000000000000000     0x2ecc
 *(.startup)
 .startup       0x0000000000000000       0xc4 startup.o
 *(.text*)
 .text          0x00000000000000c4      0x114 main.o
                0x00000000000000c4                init()
                0x0000000000000110                mainloop()
 .text.startup  0x00000000000001d8       0x1c main.o
                0x00000000000001d8                main
 .text          0x00000000000001f4       0x44 interrupts.o
                0x00000000000001f4                SetIntHandler(void (*)())
                0x000000000000021c                GetInterrupts()
                0x0000000000000224                EnableInterrupts()
                0x0000000000000230                DisableInterrupts()
 .text          0x0000000000000238       0x9c timer.o
                0x0000000000000238                GetTimer()
                0x0000000000000240                CheckTimer(unsigned int)
                0x000000000000025c                ResetTimer()
                0x0000000000000270                SetTimer(unsigned int)
                0x000000000000028c                usleep(unsigned int)
                0x000000000000029c                GetTimer1()
                0x00000000000002a4                CheckTimer1(unsigned int)
                0x00000000000002c0                ResetTimer1()
 .text          0x00000000000002d4       0x20 start.o
                0x00000000000002d4                _start
 .text          0x00000000000002f4      0x324 spi.o
                0x00000000000002f4                HPS_fpga_gpo_write(unsigned long)
                0x00000000000002fc                HPS_fpga_gpo_read()
                0x0000000000000304                HPS_fpga_gpi_read()
                0x000000000000030c                HPS_fpga_spi_en(unsigned long, unsigned long)
                0x0000000000000334                HPS_EnableFpga()
                0x0000000000000340                HPS_DisableFpga()
                0x000000000000034c                HPS_EnableIO()
                0x0000000000000358                HPS_DisableIO()
                0x0000000000000364                HPS_fpga_spi(unsigned short)
                0x00000000000003ac                HPS_spi_read(unsigned char*, unsigned long, int)
                0x0000000000000430                HPS_spi_write(unsigned char const*, unsigned long, int)
                0x00000000000004b8                HPS_spi_block_read(unsigned char*, int, int)
                0x00000000000004bc                HPS_spi_block_write(unsigned char const*, int, int)
                0x00000000000004c0                HPS_spi_uio_cmd_cont(unsigned short)
                0x00000000000004e0                HPS_spi_uio_cmd(unsigned short)
                0x0000000000000504                HPS_spi_uio_cmd8_cont(unsigned char, unsigned char)
                0x000000000000053c                HPS_spi_uio_cmd8(unsigned char, unsigned char)
                0x0000000000000560                HPS_spi_uio_cmd16(unsigned char, unsigned short)
                0x0000000000000594                HPS_spi_uio_cmd32(unsigned char, unsigned long, int)
 .text._Z5spi_bh
                0x0000000000000618       0x1c spi.o
                0x0000000000000618                spi_b(unsigned char)
 .text          0x0000000000000634      0x990 printf.o
                0x0000000000000980                printf_
 .text          0x0000000000000fc4       0x8c uart.o
                0x0000000000000fc4                putchar
                0x0000000000000fd8                puts
                0x0000000000001020                SetUART
 .text          0x0000000000001050      0x3ec apf.o
                0x0000000000001050                dataslot_search_id(unsigned short)
                0x0000000000001084                dataslot_size(unsigned short)
                0x00000000000010cc                dataslot_updated()
                0x00000000000010d8                dataslot_read(unsigned short, unsigned long, unsigned long, unsigned long)
                0x0000000000001170                dataslot_write(unsigned short, unsigned long, unsigned long, unsigned long)
                0x00000000000011dc                dataslot_read_lba_set_fast(unsigned short, unsigned long, unsigned long, unsigned long)
                0x0000000000001208                dataslot_read_lba_fast(unsigned long, unsigned long)
                0x0000000000001298                dataslot_read_lba_set(unsigned short, unsigned long, unsigned long)
                0x00000000000012b8                dataslot_read_lba(unsigned long)
                0x0000000000001358                dataslot_write_lba_set(unsigned short, unsigned long, unsigned long)
                0x00000000000013c8                dataslot_write_lba(unsigned long)
 .text          0x000000000000143c      0x198 minimig.o
                0x000000000000143c                minigmig_reset(int)
                0x0000000000001474                minimig_fdd_update()
                0x0000000000001500                minimig_update_dataslots()
                0x0000000000001584                minimig_poll_io()
 .text          0x00000000000015d4      0xe9c minimig_fdd.o
                0x00000000000015d4                GetData()
                0x0000000000001890                FindSync(adfTYPE*)
                0x000000000000197c                GetHeader(unsigned char*, unsigned char*)
                0x0000000000001cbc                SendSector(unsigned char*, unsigned char, unsigned char, unsigned char, unsigned char)
                0x0000000000001f64                SendGap()
                0x0000000000001fb0                WriteTrack(adfTYPE*)
                0x00000000000020d0                ReadTrack(adfTYPE*)
                0x00000000000022bc                UpdateDriveStatus
                0x0000000000002390                HandleFDD
                0x00000000000023f4                InsertFloppy
 .text._Z5spi_wt
                0x0000000000002470        0x4 minimig_fdd.o
                0x0000000000002470                spi_w(unsigned short)
 .text          0x0000000000002474      0x1ac minimig_config.o
                0x0000000000002474                minimig_bios()
                0x0000000000002558                minimig_restart_first
                0x00000000000025c0                minimig_restart_running_core
 .text          0x0000000000002620      0x414 minimig_inputs.o
                0x0000000000002620                update_mouse_inputs()
                0x0000000000002814                update_keyboard_inputs()
                0x00000000000029d4                minimig_input_update()
                0x0000000000002a24                minimig_joystick_reg_update()
 .text          0x0000000000002a34        0x0 startup.o
 .text          0x0000000000002a34       0xb4 /opt/riscv32i/lib/gcc/riscv32-unknown-elf/8.2.0//libgcc.a(div.o)
                0x0000000000002a34                __divsi3
                0x0000000000002a3c                __udivsi3
                0x0000000000002a84                __umodsi3
                0x0000000000002ab8                __modsi3
 *(.sdata*)
 .sdata         0x0000000000002ae8        0x8 start.o
                0x00000000000032f0                __global_pointer$ = (. + 0x800)
 *(.sbss*)
 .sbss          0x0000000000002af0        0x1 start.o
 *fill*         0x0000000000002af1        0x3 
 .sbss          0x0000000000002af4        0x9 minimig_fdd.o
                0x0000000000002af4                Error
                0x0000000000002af8                pdfx
                0x0000000000002afc                drives
 *fill*         0x0000000000002afd        0x3 
 .sbss          0x0000000000002b00       0x10 minimig_inputs.o
                0x0000000000002b00                keyboard_buffer
                0x0000000000002b06                y_count
                0x0000000000002b08                x_count
                0x0000000000002b0c                mouse_counter
 *(.data*)
 .data          0x0000000000002b10        0x0 main.o
 .data          0x0000000000002b10        0x0 interrupts.o
 .data          0x0000000000002b10        0x0 timer.o
 .data          0x0000000000002b10        0x0 start.o
 .data          0x0000000000002b10        0x0 spi.o
 .data          0x0000000000002b10        0x0 printf.o
 .data          0x0000000000002b10        0x0 uart.o
 .data          0x0000000000002b10        0x0 apf.o
 .data          0x0000000000002b10        0x0 minimig.o
 .data          0x0000000000002b10        0x0 minimig_fdd.o
 .data          0x0000000000002b10        0x0 minimig_config.o
 .data          0x0000000000002b10        0x0 minimig_inputs.o
 .data          0x0000000000002b10        0x0 startup.o
 .data          0x0000000000002b10        0x0 /opt/riscv32i/lib/gcc/riscv32-unknown-elf/8.2.0//libgcc.a(div.o)
 *(.rela*)
 .rela.text     0x0000000000002b10        0x0 main.o
 *(.rodata*)
 .rodata.str1.4
                0x0000000000002b10       0x7a main.o
 *fill*         0x0000000000002b8a        0x2 
 .rodata.str1.4
                0x0000000000002b8c       0x21 apf.o
 *fill*         0x0000000000002bad        0x3 
 .rodata.str1.4
                0x0000000000002bb0       0x21 minimig.o
 *fill*         0x0000000000002bd1        0x3 
 .rodata.str1.4
                0x0000000000002bd4      0x146 minimig_fdd.o
 *fill*         0x0000000000002d1a        0x2 
 .rodata.str1.4
                0x0000000000002d1c       0x33 minimig_config.o
 *fill*         0x0000000000002d4f        0x1 
 .rodata        0x0000000000002d50      0x100 minimig_inputs.o
 .rodata.str1.4
                0x0000000000002e50       0x1c minimig_inputs.o
                                         0x1b (size before relaxing)
 *(.bss*)
 .bss           0x0000000000002e6c        0x0 main.o
 .bss           0x0000000000002e6c        0x0 interrupts.o
 .bss           0x0000000000002e6c        0x0 timer.o
 .bss           0x0000000000002e6c        0x0 start.o
 .bss           0x0000000000002e6c        0x0 spi.o
 .bss           0x0000000000002e6c        0x0 printf.o
 .bss           0x0000000000002e6c        0x0 uart.o
 .bss           0x0000000000002e6c        0x0 apf.o
 .bss           0x0000000000002e6c        0x0 minimig.o
 .bss           0x0000000000002e6c       0x60 minimig_fdd.o
                0x0000000000002e6c                df
 .bss           0x0000000000002ecc        0x0 minimig_config.o
 .bss           0x0000000000002ecc        0x0 minimig_inputs.o
 .bss           0x0000000000002ecc        0x0 startup.o
 .bss           0x0000000000002ecc        0x0 /opt/riscv32i/lib/gcc/riscv32-unknown-elf/8.2.0//libgcc.a(div.o)

.ram            0x0000000000008000      0x200
                0x0000000000008000                __ram_start = .
 *(ram*)
 ram            0x0000000000008000      0x200 minimig_fdd.o
                0x0000000000008000                sector_buffer0
                0x0000000000008200                __ram_end = .

/DISCARD/
 *(.comment)
LOAD /opt/riscv32i/lib/gcc/riscv32-unknown-elf/8.2.0//libgcc.a
OUTPUT(mpu.elf elf32-littleriscv)

.debug_line     0x0000000000000000      0x169
 .debug_line    0x0000000000000000      0x169 /opt/riscv32i/lib/gcc/riscv32-unknown-elf/8.2.0//libgcc.a(div.o)

.debug_info     0x0000000000000000       0x26
 .debug_info    0x0000000000000000       0x26 /opt/riscv32i/lib/gcc/riscv32-unknown-elf/8.2.0//libgcc.a(div.o)

.debug_abbrev   0x0000000000000000       0x14
 .debug_abbrev  0x0000000000000000       0x14 /opt/riscv32i/lib/gcc/riscv32-unknown-elf/8.2.0//libgcc.a(div.o)

.debug_aranges  0x0000000000000000       0x20
 .debug_aranges
                0x0000000000000000       0x20 /opt/riscv32i/lib/gcc/riscv32-unknown-elf/8.2.0//libgcc.a(div.o)

.debug_str      0x0000000000000000       0xaa
 .debug_str     0x0000000000000000       0xaa /opt/riscv32i/lib/gcc/riscv32-unknown-elf/8.2.0//libgcc.a(div.o)
