
Discarded input sections

 .data          0x0000000000000000        0x0 obj.riscv.amiga_mpu_bios/boot.o
 .bss           0x0000000000000000        0x0 obj.riscv.amiga_mpu_bios/boot.o
 .text          0x0000000000000000        0x0 obj.riscv.amiga_mpu_bios/core.o
 .data          0x0000000000000000        0x0 obj.riscv.amiga_mpu_bios/core.o
 .bss           0x0000000000000000        0x0 obj.riscv.amiga_mpu_bios/core.o
 .rodata._Z15full_core_resetv.str1.4
                0x0000000000000000       0x2e obj.riscv.amiga_mpu_bios/core.o
 .text._Z15full_core_resetv
                0x0000000000000000       0x62 obj.riscv.amiga_mpu_bios/core.o
 .text._Z25core_restart_running_corev
                0x0000000000000000        0x2 obj.riscv.amiga_mpu_bios/core.o
 .text._Z20core_interupt_updatev
                0x0000000000000000        0x8 obj.riscv.amiga_mpu_bios/core.o
 .eh_frame      0x0000000000000000      0x164 obj.riscv.amiga_mpu_bios/core.o
 .text          0x0000000000000000        0x0 obj.riscv.amiga_mpu_bios/main.o
 .data          0x0000000000000000        0x0 obj.riscv.amiga_mpu_bios/main.o
 .bss           0x0000000000000000        0x0 obj.riscv.amiga_mpu_bios/main.o
 .text._Z11irqCallbackv
                0x0000000000000000        0x2 obj.riscv.amiga_mpu_bios/main.o
 .eh_frame      0x0000000000000000       0x84 obj.riscv.amiga_mpu_bios/main.o
 .text          0x0000000000000000        0x0 obj.riscv.amiga_mpu_bios/minimig_config.o
 .data          0x0000000000000000        0x0 obj.riscv.amiga_mpu_bios/minimig_config.o
 .bss           0x0000000000000000        0x0 obj.riscv.amiga_mpu_bios/minimig_config.o
 .eh_frame      0x0000000000000000       0xe4 obj.riscv.amiga_mpu_bios/minimig_config.o
 .text          0x0000000000000000        0x0 obj.riscv.amiga_mpu_bios/minimig_osd_keyboard.o
 .data          0x0000000000000000        0x0 obj.riscv.amiga_mpu_bios/minimig_osd_keyboard.o
 .bss           0x0000000000000000        0x0 obj.riscv.amiga_mpu_bios/minimig_osd_keyboard.o
 .eh_frame      0x0000000000000000      0x198 obj.riscv.amiga_mpu_bios/minimig_osd_keyboard.o
 .text          0x0000000000000000        0x0 obj.riscv.amiga_mpu_bios/ide.o
 .data          0x0000000000000000        0x0 obj.riscv.amiga_mpu_bios/ide.o
 .bss           0x0000000000000000        0x0 obj.riscv.amiga_mpu_bios/ide.o
 .text._Z11ide_reg_setP10ide_configtt
                0x0000000000000000       0x4e obj.riscv.amiga_mpu_bios/ide.o
 .text._Z11ide_sendbufP10ide_configtmPtb
                0x0000000000000000       0x66 obj.riscv.amiga_mpu_bios/ide.o
 .text._Z11ide_recvbufP10ide_configtmPtb
                0x0000000000000000       0x6e obj.riscv.amiga_mpu_bios/ide.o
 .text._Z18ide_is_placeholderi
                0x0000000000000000       0x2e obj.riscv.amiga_mpu_bios/ide.o
 .text._Z9ide_resetPh
                0x0000000000000000       0x3e obj.riscv.amiga_mpu_bios/ide.o
 .text.startup._GLOBAL__sub_I_ide_inst
                0x0000000000000000       0xe0 obj.riscv.amiga_mpu_bios/ide.o
 .init_array    0x0000000000000000        0x4 obj.riscv.amiga_mpu_bios/ide.o
 .srodata.ide_io_max_size
                0x0000000000000000        0x4 obj.riscv.amiga_mpu_bios/ide.o
 .eh_frame      0x0000000000000000      0x3f8 obj.riscv.amiga_mpu_bios/ide.o
 .text          0x0000000000000000        0x0 obj.riscv.amiga_mpu_bios/inputs.o
 .data          0x0000000000000000        0x0 obj.riscv.amiga_mpu_bios/inputs.o
 .bss           0x0000000000000000        0x0 obj.riscv.amiga_mpu_bios/inputs.o
 .sbss.MOD_CAPS_LOCK
                0x0000000000000000        0x1 obj.riscv.amiga_mpu_bios/inputs.o
 .sdata.interupt_amount_timer
                0x0000000000000000        0x4 obj.riscv.amiga_mpu_bios/inputs.o
 .eh_frame      0x0000000000000000      0x128 obj.riscv.amiga_mpu_bios/inputs.o
 .text          0x0000000000000000        0x0 obj.riscv.amiga_mpu_bios/apf.o
 .data          0x0000000000000000        0x0 obj.riscv.amiga_mpu_bios/apf.o
 .bss           0x0000000000000000        0x0 obj.riscv.amiga_mpu_bios/apf.o
 .text._Z15dataslot_statusv
                0x0000000000000000        0x8 obj.riscv.amiga_mpu_bios/apf.o
 .text._Z18dataslot_search_idt
                0x0000000000000000       0x26 obj.riscv.amiga_mpu_bios/apf.o
 .text._Z16dataslot_updatedv
                0x0000000000000000        0xa obj.riscv.amiga_mpu_bios/apf.o
 .text._Z26dataslot_read_lba_set_fasttmmm
                0x0000000000000000       0x46 obj.riscv.amiga_mpu_bios/apf.o
 .rodata._Z21dataslot_read_lba_settmm.str1.4
                0x0000000000000000       0x53 obj.riscv.amiga_mpu_bios/apf.o
 .text._Z21dataslot_read_lba_settmm
                0x0000000000000000       0x30 obj.riscv.amiga_mpu_bios/apf.o
 .rodata._Z17dataslot_read_lbam.str1.4
                0x0000000000000000       0x58 obj.riscv.amiga_mpu_bios/apf.o
 .text._Z17dataslot_read_lbam
                0x0000000000000000       0x8a obj.riscv.amiga_mpu_bios/apf.o
 .text._Z22dataslot_read_lba_fastmb
                0x0000000000000000       0x34 obj.riscv.amiga_mpu_bios/apf.o
 .eh_frame      0x0000000000000000      0x1d8 obj.riscv.amiga_mpu_bios/apf.o
 .text          0x0000000000000000        0x0 obj.riscv.amiga_mpu_bios/fileio.o
 .data          0x0000000000000000        0x0 obj.riscv.amiga_mpu_bios/fileio.o
 .bss           0x0000000000000000        0x0 obj.riscv.amiga_mpu_bios/fileio.o
 .text._Z14clearbufferramv
                0x0000000000000000       0x10 obj.riscv.amiga_mpu_bios/fileio.o
 .text._Z39sector_buffer_transfer_size_max_processim
                0x0000000000000000       0x26 obj.riscv.amiga_mpu_bios/fileio.o
 .text._Z12RISCFileSeektmm
                0x0000000000000000      0x2ec obj.riscv.amiga_mpu_bios/fileio.o
 .text._Z15RISCFileReadAdvihhhm
                0x0000000000000000      0x11a obj.riscv.amiga_mpu_bios/fileio.o
 .text._Z15RISCFileReadSecmtmm
                0x0000000000000000      0x2f0 obj.riscv.amiga_mpu_bios/fileio.o
 .text.unlikely._Z16RISCFileWriteSecmtmm
                0x0000000000000000        0x0 obj.riscv.amiga_mpu_bios/fileio.o
 .sdata.sector_buffer_transfer_size_max
                0x0000000000000000        0x4 obj.riscv.amiga_mpu_bios/fileio.o
 .sdata.sector_buffer_processing
                0x0000000000000000        0x4 obj.riscv.amiga_mpu_bios/fileio.o
 .sdata.sector_buffer_offset
                0x0000000000000000        0x4 obj.riscv.amiga_mpu_bios/fileio.o
 .sdata.sector_buffer_selector
                0x0000000000000000        0x4 obj.riscv.amiga_mpu_bios/fileio.o
 .sdata.sector_buffer_size_max
                0x0000000000000000        0x4 obj.riscv.amiga_mpu_bios/fileio.o
 .sdata.sector_buffer_size
                0x0000000000000000        0x4 obj.riscv.amiga_mpu_bios/fileio.o
 .sdata.sector_buffer1_address
                0x0000000000000000        0x4 obj.riscv.amiga_mpu_bios/fileio.o
 .sdata.sector_buffer0_address
                0x0000000000000000        0x4 obj.riscv.amiga_mpu_bios/fileio.o
 .sdata.sector_buffer_dataslot
                0x0000000000000000        0x4 obj.riscv.amiga_mpu_bios/fileio.o
 .sdata.wait_timer
                0x0000000000000000        0x4 obj.riscv.amiga_mpu_bios/fileio.o
 .bss.sector_buffer0
                0x0000000000000000     0x4000 obj.riscv.amiga_mpu_bios/fileio.o
 .bss.sector_buffer1
                0x0000000000000000     0x4000 obj.riscv.amiga_mpu_bios/fileio.o
 .comment       0x0000000000000000       0x1c obj.riscv.amiga_mpu_bios/fileio.o
 .eh_frame      0x0000000000000000      0x140 obj.riscv.amiga_mpu_bios/fileio.o
 .riscv.attributes
                0x0000000000000000       0x2b obj.riscv.amiga_mpu_bios/fileio.o
 .text          0x0000000000000000        0x0 obj.riscv.amiga_mpu_bios/cue.o
 .data          0x0000000000000000        0x0 obj.riscv.amiga_mpu_bios/cue.o
 .bss           0x0000000000000000        0x0 obj.riscv.amiga_mpu_bios/cue.o
 .text._ZN5cue_tC2Ev
                0x0000000000000000       0x92 obj.riscv.amiga_mpu_bios/cue.o
 .rodata._ZN5cue_t7LoadCUEEi.str1.4
                0x0000000000000000      0x1e6 obj.riscv.amiga_mpu_bios/cue.o
 .text._ZN5cue_t7LoadCUEEi
                0x0000000000000000      0x600 obj.riscv.amiga_mpu_bios/cue.o
 .text._ZN5cue_t4LoadEi
                0x0000000000000000       0x1e obj.riscv.amiga_mpu_bios/cue.o
 .text._ZN5cue_t6UnloadEv
                0x0000000000000000       0x56 obj.riscv.amiga_mpu_bios/cue.o
 .text._ZN5cue_t5ResetEv
                0x0000000000000000       0x4e obj.riscv.amiga_mpu_bios/cue.o
 .text._ZN5cue_t11CommandExecEv
                0x0000000000000000      0x772 obj.riscv.amiga_mpu_bios/cue.o
 .rodata._ZN5cue_t11CommandExecEv
                0x0000000000000000       0x1c obj.riscv.amiga_mpu_bios/cue.o
 .text._ZN5cue_t9GetStatusEv
                0x0000000000000000        0xa obj.riscv.amiga_mpu_bios/cue.o
 .text._ZN5cue_t10SetCommandEPh
                0x0000000000000000       0x1e obj.riscv.amiga_mpu_bios/cue.o
 .text._ZN5cue_t10PendStatusEt
                0x0000000000000000        0xe obj.riscv.amiga_mpu_bios/cue.o
 .text._ZN5cue_t10SendStatusEt
                0x0000000000000000       0x48 obj.riscv.amiga_mpu_bios/cue.o
 .text._ZN5cue_t15SendDataRequestEv
                0x0000000000000000       0x48 obj.riscv.amiga_mpu_bios/cue.o
 .text._ZN5cue_t9SetRegionEh
                0x0000000000000000        0xa obj.riscv.amiga_mpu_bios/cue.o
 .text._ZN5cue_t8LBAToMSFEiP5msf_t
                0x0000000000000000       0x2c obj.riscv.amiga_mpu_bios/cue.o
 .text._ZN5cue_t8MSFToLBAEPihhh
                0x0000000000000000       0x22 obj.riscv.amiga_mpu_bios/cue.o
 .text._ZN5cue_t8MSFToLBAEPiP5msf_t
                0x0000000000000000       0x2e obj.riscv.amiga_mpu_bios/cue.o
 .text._ZN5cue_t13GetTrackByLBAEiP5toc_t
                0x0000000000000000       0x28 obj.riscv.amiga_mpu_bios/cue.o
 .text._ZN5cue_t8ReadDataEv
                0x0000000000000000       0xaa obj.riscv.amiga_mpu_bios/cue.o
 .text._ZN5cue_t6UpdateEv
                0x0000000000000000      0x2e0 obj.riscv.amiga_mpu_bios/cue.o
 .text._ZN5cue_t8ReadCDDAEv
                0x0000000000000000       0x54 obj.riscv.amiga_mpu_bios/cue.o
 .text._ZN5cue_t11ReadSubcodeEPt
                0x0000000000000000        0x2 obj.riscv.amiga_mpu_bios/cue.o
 .text._ZN5cue_t12CommandErrorEhhhh
                0x0000000000000000       0x16 obj.riscv.amiga_mpu_bios/cue.o
 .text.startup._GLOBAL__sub_I_foo1
                0x0000000000000000       0x10 obj.riscv.amiga_mpu_bios/cue.o
 .init_array    0x0000000000000000        0x4 obj.riscv.amiga_mpu_bios/cue.o
 .bss._ZZN5cue_t11CommandExecEvE3buf
                0x0000000000000000       0x20 obj.riscv.amiga_mpu_bios/cue.o
 .bss._ZZN5cue_t7LoadCUEEiE4line
                0x0000000000000000       0x80 obj.riscv.amiga_mpu_bios/cue.o
 .bss.cue       0x0000000000000000     0x1aa0 obj.riscv.amiga_mpu_bios/cue.o
 .sbss.foo1     0x0000000000000000        0x4 obj.riscv.amiga_mpu_bios/cue.o
 .comment       0x0000000000000000       0x1c obj.riscv.amiga_mpu_bios/cue.o
 .eh_frame      0x0000000000000000      0x308 obj.riscv.amiga_mpu_bios/cue.o
 .riscv.attributes
                0x0000000000000000       0x2b obj.riscv.amiga_mpu_bios/cue.o
 .text          0x0000000000000000        0x0 obj.riscv.amiga_mpu_bios/seektime.o
 .data          0x0000000000000000        0x0 obj.riscv.amiga_mpu_bios/seektime.o
 .bss           0x0000000000000000        0x0 obj.riscv.amiga_mpu_bios/seektime.o
 .rodata._Z14get_cd_seek_msii.str1.4
                0x0000000000000000       0x38 obj.riscv.amiga_mpu_bios/seektime.o
 .text._Z14get_cd_seek_msii
                0x0000000000000000      0x1a8 obj.riscv.amiga_mpu_bios/seektime.o
 .data.sector_list
                0x0000000000000000      0x118 obj.riscv.amiga_mpu_bios/seektime.o
 .comment       0x0000000000000000       0x1c obj.riscv.amiga_mpu_bios/seektime.o
 .eh_frame      0x0000000000000000       0x38 obj.riscv.amiga_mpu_bios/seektime.o
 .riscv.attributes
                0x0000000000000000       0x2b obj.riscv.amiga_mpu_bios/seektime.o
 .text          0x0000000000000000        0x0 obj.riscv.amiga_mpu_bios/fdd.o
 .data          0x0000000000000000        0x0 obj.riscv.amiga_mpu_bios/fdd.o
 .bss           0x0000000000000000        0x0 obj.riscv.amiga_mpu_bios/fdd.o
 .text._Z7SendGapv
                0x0000000000000000       0x2e obj.riscv.amiga_mpu_bios/fdd.o
 .eh_frame      0x0000000000000000      0x2b8 obj.riscv.amiga_mpu_bios/fdd.o
 .text          0x0000000000000000        0x0 obj.riscv.amiga_mpu_bios/spi.o
 .data          0x0000000000000000        0x0 obj.riscv.amiga_mpu_bios/spi.o
 .bss           0x0000000000000000        0x0 obj.riscv.amiga_mpu_bios/spi.o
 .text._Z18HPS_fpga_gpo_writem
                0x0000000000000000        0x6 obj.riscv.amiga_mpu_bios/spi.o
 .text._Z17HPS_fpga_gpo_readv
                0x0000000000000000        0x6 obj.riscv.amiga_mpu_bios/spi.o
 .text._Z17HPS_fpga_gpi_readv
                0x0000000000000000        0x6 obj.riscv.amiga_mpu_bios/spi.o
 .text._Z15HPS_fpga_spi_enmm
                0x0000000000000000       0x24 obj.riscv.amiga_mpu_bios/spi.o
 .text._Z13HPS_EnableOsdv
                0x0000000000000000       0x24 obj.riscv.amiga_mpu_bios/spi.o
 .text._Z12HPS_spi_readPhmi
                0x0000000000000000       0x7a obj.riscv.amiga_mpu_bios/spi.o
 .text._Z13HPS_spi_writePKhmi
                0x0000000000000000       0x72 obj.riscv.amiga_mpu_bios/spi.o
 .text._Z18HPS_spi_block_readPhii
                0x0000000000000000        0x2 obj.riscv.amiga_mpu_bios/spi.o
 .text._Z19HPS_spi_block_writePKhii
                0x0000000000000000        0x2 obj.riscv.amiga_mpu_bios/spi.o
 .text._Z20HPS_spi_uio_cmd_contt
                0x0000000000000000       0x36 obj.riscv.amiga_mpu_bios/spi.o
 .text._Z15HPS_spi_uio_cmdt
                0x0000000000000000       0x5e obj.riscv.amiga_mpu_bios/spi.o
 .text._Z21HPS_spi_uio_cmd8_conthh
                0x0000000000000000       0x5c obj.riscv.amiga_mpu_bios/spi.o
 .text._Z17HPS_spi_uio_cmd16ht
                0x0000000000000000       0x82 obj.riscv.amiga_mpu_bios/spi.o
 .text._Z17HPS_spi_uio_cmd32hmi
                0x0000000000000000       0xbe obj.riscv.amiga_mpu_bios/spi.o
 .text._Z16HPS_io_set_indexh
                0x0000000000000000       0x6a obj.riscv.amiga_mpu_bios/spi.o
 .text._Z19HPS_io_set_downloadhi
                0x0000000000000000       0x9e obj.riscv.amiga_mpu_bios/spi.o
 .text._Z19HPS_io_file_tx_dataPKhmi
                0x0000000000000000       0x7a obj.riscv.amiga_mpu_bios/spi.o
 .text._Z23HPS_fpga_spi_write_fastt
                0x0000000000000000       0x20 obj.riscv.amiga_mpu_bios/spi.o
 .text._Z18HPS_spi_write_fastPKhmi
                0x0000000000000000       0x9a obj.riscv.amiga_mpu_bios/spi.o
 .text._Z32HPS_fpga_spi_fast_block_write_bePKtm
                0x0000000000000000       0x4a obj.riscv.amiga_mpu_bios/spi.o
 .text._Z31HPS_fpga_spi_fast_block_read_bePtm
                0x0000000000000000       0x40 obj.riscv.amiga_mpu_bios/spi.o
 .text._Z16HPS_EnableOsd_oni
                0x0000000000000000        0x2 obj.riscv.amiga_mpu_bios/spi.o
 .text._Z21HPS_spi_osd_cmd8_conthh
                0x0000000000000000       0x42 obj.riscv.amiga_mpu_bios/spi.o
 .text._Z16HPS_spi_osd_cmd8hh
                0x0000000000000000       0x64 obj.riscv.amiga_mpu_bios/spi.o
 .eh_frame      0x0000000000000000      0x4b0 obj.riscv.amiga_mpu_bios/spi.o
 .text          0x0000000000000000        0x0 obj.riscv.amiga_mpu_bios/charrom.o
 .data          0x0000000000000000        0x0 obj.riscv.amiga_mpu_bios/charrom.o
 .bss           0x0000000000000000        0x0 obj.riscv.amiga_mpu_bios/charrom.o
 .text          0x0000000000000000        0x0 obj.riscv.amiga_mpu_bios/osd.o
 .data          0x0000000000000000        0x0 obj.riscv.amiga_mpu_bios/osd.o
 .bss           0x0000000000000000        0x0 obj.riscv.amiga_mpu_bios/osd.o
 .text._Z10OsdSetSizei
                0x0000000000000000        0xa obj.riscv.amiga_mpu_bios/osd.o
 .text._Z10OsdGetSizev
                0x0000000000000000        0xa obj.riscv.amiga_mpu_bios/osd.o
 .text._Z11OsdSetArrowi
                0x0000000000000000        0xa obj.riscv.amiga_mpu_bios/osd.o
 .text._Z9OsdEnableh
                0x0000000000000000        0xe obj.riscv.amiga_mpu_bios/osd.o
 .eh_frame      0x0000000000000000      0x160 obj.riscv.amiga_mpu_bios/osd.o
 .text          0x0000000000000000        0x0 obj.riscv.amiga_mpu_bios/osd_menu.o
 .data          0x0000000000000000        0x0 obj.riscv.amiga_mpu_bios/osd_menu.o
 .bss           0x0000000000000000        0x0 obj.riscv.amiga_mpu_bios/osd_menu.o
 .rodata._Z17osd_display_errori.str1.4
                0x0000000000000000      0x13b obj.riscv.amiga_mpu_bios/osd_menu.o
 .text._Z17osd_display_errori
                0x0000000000000000      0x220 obj.riscv.amiga_mpu_bios/osd_menu.o
 .text._Z21osd_display_error_apfv
                0x0000000000000000        0x2 obj.riscv.amiga_mpu_bios/osd_menu.o
 .rodata._Z16osd_display_infov.str1.4
                0x0000000000000000       0x1e obj.riscv.amiga_mpu_bios/osd_menu.o
 .text._Z16osd_display_infov
                0x0000000000000000      0x15c obj.riscv.amiga_mpu_bios/osd_menu.o
 .text._Z23osd_display_info_updatei
                0x0000000000000000       0x34 obj.riscv.amiga_mpu_bios/osd_menu.o
 .text._Z18osd_display_timinghhh
                0x0000000000000000       0x30 obj.riscv.amiga_mpu_bios/osd_menu.o
 .rodata._Z26osd_display_error_datasloti.str1.4
                0x0000000000000000       0x5a obj.riscv.amiga_mpu_bios/osd_menu.o
 .text._Z26osd_display_error_datasloti
                0x0000000000000000      0x22a obj.riscv.amiga_mpu_bios/osd_menu.o
 .sdata.frame_counter
                0x0000000000000000        0x1 obj.riscv.amiga_mpu_bios/osd_menu.o
 .sbss.nstore3  0x0000000000000000        0x1 obj.riscv.amiga_mpu_bios/osd_menu.o
 .sbss.nstore2  0x0000000000000000        0x1 obj.riscv.amiga_mpu_bios/osd_menu.o
 .sbss.nstore1  0x0000000000000000        0x1 obj.riscv.amiga_mpu_bios/osd_menu.o
 .bss.s         0x0000000000000000       0x40 obj.riscv.amiga_mpu_bios/osd_menu.o
 .sbss._ZL16timer_wait_value
                0x0000000000000000        0x4 obj.riscv.amiga_mpu_bios/osd_menu.o
 .sdata._ZL12error_system
                0x0000000000000000        0x4 obj.riscv.amiga_mpu_bios/osd_menu.o
 .comment       0x0000000000000000       0x1c obj.riscv.amiga_mpu_bios/osd_menu.o
 .eh_frame      0x0000000000000000       0xc8 obj.riscv.amiga_mpu_bios/osd_menu.o
 .riscv.attributes
                0x0000000000000000       0x2b obj.riscv.amiga_mpu_bios/osd_menu.o
 .text          0x0000000000000000        0x0 obj.riscv.amiga_mpu_bios/uart.o
 .data          0x0000000000000000        0x0 obj.riscv.amiga_mpu_bios/uart.o
 .bss           0x0000000000000000        0x0 obj.riscv.amiga_mpu_bios/uart.o
 .text.riscputchar
                0x0000000000000000       0x10 obj.riscv.amiga_mpu_bios/uart.o
 .text._Z8riscputcc
                0x0000000000000000       0x10 obj.riscv.amiga_mpu_bios/uart.o
 .eh_frame      0x0000000000000000       0x50 obj.riscv.amiga_mpu_bios/uart.o
 .text          0x0000000000000000        0x0 obj.riscv.amiga_mpu_bios/interrupts.o
 .data          0x0000000000000000        0x0 obj.riscv.amiga_mpu_bios/interrupts.o
 .bss           0x0000000000000000        0x0 obj.riscv.amiga_mpu_bios/interrupts.o
 .eh_frame      0x0000000000000000       0x84 obj.riscv.amiga_mpu_bios/interrupts.o
 .text          0x0000000000000000        0x0 obj.riscv.amiga_mpu_bios/riscprintf.o
 .data          0x0000000000000000        0x0 obj.riscv.amiga_mpu_bios/riscprintf.o
 .bss           0x0000000000000000        0x0 obj.riscv.amiga_mpu_bios/riscprintf.o
 .text._Z12riscprintff_PKcz
                0x0000000000000000       0x16 obj.riscv.amiga_mpu_bios/riscprintf.o
 .eh_frame      0x0000000000000000       0x44 obj.riscv.amiga_mpu_bios/riscprintf.o
 .text          0x0000000000000000        0x0 obj.riscv.amiga_mpu_bios/timer.o
 .data          0x0000000000000000        0x0 obj.riscv.amiga_mpu_bios/timer.o
 .bss           0x0000000000000000        0x0 obj.riscv.amiga_mpu_bios/timer.o
 .text._Z8GetTimerv
                0x0000000000000000        0x6 obj.riscv.amiga_mpu_bios/timer.o
 .text._Z10CheckTimerj
                0x0000000000000000       0x16 obj.riscv.amiga_mpu_bios/timer.o
 .text._Z19Set_interrupt_Timerj
                0x0000000000000000        0x6 obj.riscv.amiga_mpu_bios/timer.o
 .text._Z9GetTimer2v
                0x0000000000000000        0x6 obj.riscv.amiga_mpu_bios/timer.o
 .text._Z14GetTimer2_fastv
                0x0000000000000000        0x6 obj.riscv.amiga_mpu_bios/timer.o
 .text._Z13RISCGetTimer1mi
                0x0000000000000000       0x14 obj.riscv.amiga_mpu_bios/timer.o
 .text._Z15RISCCheckTimer1m
                0x0000000000000000       0x14 obj.riscv.amiga_mpu_bios/timer.o
 .text._Z11CheckTimer1j
                0x0000000000000000       0x16 obj.riscv.amiga_mpu_bios/timer.o
 .text._Z13RISCGetTimer2mi
                0x0000000000000000       0x14 obj.riscv.amiga_mpu_bios/timer.o
 .text._Z15RISCCheckTimer2m
                0x0000000000000000        0xe obj.riscv.amiga_mpu_bios/timer.o
 .text._Z11CheckTimer2j
                0x0000000000000000       0x16 obj.riscv.amiga_mpu_bios/timer.o
 .text._Z21reset_interrupt_Timerv
                0x0000000000000000       0x14 obj.riscv.amiga_mpu_bios/timer.o
 .text._Z11ResetTimer1v
                0x0000000000000000       0x12 obj.riscv.amiga_mpu_bios/timer.o
 .text._Z11ResetTimer2v
                0x0000000000000000       0x12 obj.riscv.amiga_mpu_bios/timer.o
 .eh_frame      0x0000000000000000      0x168 obj.riscv.amiga_mpu_bios/timer.o
 .text          0x0000000000000000        0x0 obj.riscv.amiga_mpu_bios/atoi.o
 .data          0x0000000000000000        0x0 obj.riscv.amiga_mpu_bios/atoi.o
 .bss           0x0000000000000000        0x0 obj.riscv.amiga_mpu_bios/atoi.o
 .text.atoi     0x0000000000000000       0x3c obj.riscv.amiga_mpu_bios/atoi.o
 .text.atoi_hex
                0x0000000000000000       0x78 obj.riscv.amiga_mpu_bios/atoi.o
 .comment       0x0000000000000000       0x1c obj.riscv.amiga_mpu_bios/atoi.o
 .riscv.attributes
                0x0000000000000000       0x2b obj.riscv.amiga_mpu_bios/atoi.o
 .text          0x0000000000000000        0x0 obj.riscv.amiga_mpu_bios/bcmp.o
 .data          0x0000000000000000        0x0 obj.riscv.amiga_mpu_bios/bcmp.o
 .bss           0x0000000000000000        0x0 obj.riscv.amiga_mpu_bios/bcmp.o
 .text.bcmp     0x0000000000000000        0x8 obj.riscv.amiga_mpu_bios/bcmp.o
 .comment       0x0000000000000000       0x1c obj.riscv.amiga_mpu_bios/bcmp.o
 .riscv.attributes
                0x0000000000000000       0x2b obj.riscv.amiga_mpu_bios/bcmp.o
 .text          0x0000000000000000        0x0 obj.riscv.amiga_mpu_bios/isalpha.o
 .data          0x0000000000000000        0x0 obj.riscv.amiga_mpu_bios/isalpha.o
 .bss           0x0000000000000000        0x0 obj.riscv.amiga_mpu_bios/isalpha.o
 .text.isupper  0x0000000000000000        0xa obj.riscv.amiga_mpu_bios/isalpha.o
 .text.isalpha  0x0000000000000000        0xe obj.riscv.amiga_mpu_bios/isalpha.o
 .text.isdigit  0x0000000000000000        0xa obj.riscv.amiga_mpu_bios/isalpha.o
 .text.isspace  0x0000000000000000       0x14 obj.riscv.amiga_mpu_bios/isalpha.o
 .text.isalnum  0x0000000000000000       0x1c obj.riscv.amiga_mpu_bios/isalpha.o
 .comment       0x0000000000000000       0x1c obj.riscv.amiga_mpu_bios/isalpha.o
 .riscv.attributes
                0x0000000000000000       0x2b obj.riscv.amiga_mpu_bios/isalpha.o
 .text          0x0000000000000000        0x0 obj.riscv.amiga_mpu_bios/itoa.o
 .data          0x0000000000000000        0x0 obj.riscv.amiga_mpu_bios/itoa.o
 .bss           0x0000000000000000        0x0 obj.riscv.amiga_mpu_bios/itoa.o
 .text.itoa     0x0000000000000000       0x8e obj.riscv.amiga_mpu_bios/itoa.o
 .comment       0x0000000000000000       0x1c obj.riscv.amiga_mpu_bios/itoa.o
 .riscv.attributes
                0x0000000000000000       0x2b obj.riscv.amiga_mpu_bios/itoa.o
 .text          0x0000000000000000        0x0 obj.riscv.amiga_mpu_bios/malloc.o
 .data          0x0000000000000000        0x0 obj.riscv.amiga_mpu_bios/malloc.o
 .bss           0x0000000000000000        0x0 obj.riscv.amiga_mpu_bios/malloc.o
 .text.compact_blocks
                0x0000000000000000       0x3e obj.riscv.amiga_mpu_bios/malloc.o
 .text.malloc_init
                0x0000000000000000       0x3a obj.riscv.amiga_mpu_bios/malloc.o
 .text.malloc   0x0000000000000000       0x9a obj.riscv.amiga_mpu_bios/malloc.o
 .text.free     0x0000000000000000       0x18 obj.riscv.amiga_mpu_bios/malloc.o
 .text.calloc   0x0000000000000000        0xa obj.riscv.amiga_mpu_bios/malloc.o
 .text.malloc_largest_free_size
                0x0000000000000000       0x70 obj.riscv.amiga_mpu_bios/malloc.o
 .text.malloc_total_free
                0x0000000000000000       0x6c obj.riscv.amiga_mpu_bios/malloc.o
 .sdata.MemUnlock
                0x0000000000000000        0x4 obj.riscv.amiga_mpu_bios/malloc.o
 .sdata.MemLock
                0x0000000000000000        0x4 obj.riscv.amiga_mpu_bios/malloc.o
 .sdata.MemAllocInit
                0x0000000000000000        0x4 obj.riscv.amiga_mpu_bios/malloc.o
 .sdata.MemHeap
                0x0000000000000000        0x4 obj.riscv.amiga_mpu_bios/malloc.o
 .sdata.MemFree
                0x0000000000000000        0x4 obj.riscv.amiga_mpu_bios/malloc.o
 .comment       0x0000000000000000       0x1c obj.riscv.amiga_mpu_bios/malloc.o
 .riscv.attributes
                0x0000000000000000       0x2b obj.riscv.amiga_mpu_bios/malloc.o
 .text          0x0000000000000000        0x0 obj.riscv.amiga_mpu_bios/memchr.o
 .data          0x0000000000000000        0x0 obj.riscv.amiga_mpu_bios/memchr.o
 .bss           0x0000000000000000        0x0 obj.riscv.amiga_mpu_bios/memchr.o
 .text.memchr   0x0000000000000000       0x1e obj.riscv.amiga_mpu_bios/memchr.o
 .comment       0x0000000000000000       0x1c obj.riscv.amiga_mpu_bios/memchr.o
 .riscv.attributes
                0x0000000000000000       0x2b obj.riscv.amiga_mpu_bios/memchr.o
 .text          0x0000000000000000        0x0 obj.riscv.amiga_mpu_bios/memcmp.o
 .data          0x0000000000000000        0x0 obj.riscv.amiga_mpu_bios/memcmp.o
 .bss           0x0000000000000000        0x0 obj.riscv.amiga_mpu_bios/memcmp.o
 .text.memcmp   0x0000000000000000       0x4c obj.riscv.amiga_mpu_bios/memcmp.o
 .text.memicmp  0x0000000000000000       0x54 obj.riscv.amiga_mpu_bios/memcmp.o
 .comment       0x0000000000000000       0x1c obj.riscv.amiga_mpu_bios/memcmp.o
 .riscv.attributes
                0x0000000000000000       0x2b obj.riscv.amiga_mpu_bios/memcmp.o
 .text          0x0000000000000000        0x0 obj.riscv.amiga_mpu_bios/memcpy.o
 .data          0x0000000000000000        0x0 obj.riscv.amiga_mpu_bios/memcpy.o
 .bss           0x0000000000000000        0x0 obj.riscv.amiga_mpu_bios/memcpy.o
 .text.memcpy   0x0000000000000000       0x54 obj.riscv.amiga_mpu_bios/memcpy.o
 .text.memccpy  0x0000000000000000       0x1e obj.riscv.amiga_mpu_bios/memcpy.o
 .comment       0x0000000000000000       0x1c obj.riscv.amiga_mpu_bios/memcpy.o
 .riscv.attributes
                0x0000000000000000       0x2b obj.riscv.amiga_mpu_bios/memcpy.o
 .text          0x0000000000000000        0x0 obj.riscv.amiga_mpu_bios/memmove.o
 .data          0x0000000000000000        0x0 obj.riscv.amiga_mpu_bios/memmove.o
 .bss           0x0000000000000000        0x0 obj.riscv.amiga_mpu_bios/memmove.o
 .text.memmove  0x0000000000000000       0x9e obj.riscv.amiga_mpu_bios/memmove.o
 .comment       0x0000000000000000       0x1c obj.riscv.amiga_mpu_bios/memmove.o
 .riscv.attributes
                0x0000000000000000       0x2b obj.riscv.amiga_mpu_bios/memmove.o
 .text          0x0000000000000000        0x0 obj.riscv.amiga_mpu_bios/memset.o
 .data          0x0000000000000000        0x0 obj.riscv.amiga_mpu_bios/memset.o
 .bss           0x0000000000000000        0x0 obj.riscv.amiga_mpu_bios/memset.o
 .text          0x0000000000000000        0x0 obj.riscv.amiga_mpu_bios/printf.o
 .data          0x0000000000000000        0x0 obj.riscv.amiga_mpu_bios/printf.o
 .bss           0x0000000000000000        0x0 obj.riscv.amiga_mpu_bios/printf.o
 .text.printf_register
                0x0000000000000000        0xa obj.riscv.amiga_mpu_bios/printf.o
 .text.puts     0x0000000000000000       0x40 obj.riscv.amiga_mpu_bios/printf.o
 .text.putchar  0x0000000000000000       0x26 obj.riscv.amiga_mpu_bios/printf.o
 .text.vsprintf
                0x0000000000000000       0x2a obj.riscv.amiga_mpu_bios/printf.o
 .text.vsnprintf
                0x0000000000000000       0x3a obj.riscv.amiga_mpu_bios/printf.o
 .text.sprintf  0x0000000000000000       0x40 obj.riscv.amiga_mpu_bios/printf.o
 .text.snprintf
                0x0000000000000000       0x5c obj.riscv.amiga_mpu_bios/printf.o
 .text          0x0000000000000000        0x0 obj.riscv.amiga_mpu_bios/rindex.o
 .data          0x0000000000000000        0x0 obj.riscv.amiga_mpu_bios/rindex.o
 .bss           0x0000000000000000        0x0 obj.riscv.amiga_mpu_bios/rindex.o
 .text.rindex   0x0000000000000000       0x1e obj.riscv.amiga_mpu_bios/rindex.o
 .comment       0x0000000000000000       0x1c obj.riscv.amiga_mpu_bios/rindex.o
 .riscv.attributes
                0x0000000000000000       0x2b obj.riscv.amiga_mpu_bios/rindex.o
 .text          0x0000000000000000        0x0 obj.riscv.amiga_mpu_bios/sscanf.o
 .data          0x0000000000000000        0x0 obj.riscv.amiga_mpu_bios/sscanf.o
 .bss           0x0000000000000000        0x0 obj.riscv.amiga_mpu_bios/sscanf.o
 .text.sscanf   0x0000000000000000       0x3a obj.riscv.amiga_mpu_bios/sscanf.o
 .comment       0x0000000000000000       0x1c obj.riscv.amiga_mpu_bios/sscanf.o
 .riscv.attributes
                0x0000000000000000       0x2b obj.riscv.amiga_mpu_bios/sscanf.o
 .text          0x0000000000000000        0x0 obj.riscv.amiga_mpu_bios/stpcpy.o
 .data          0x0000000000000000        0x0 obj.riscv.amiga_mpu_bios/stpcpy.o
 .bss           0x0000000000000000        0x0 obj.riscv.amiga_mpu_bios/stpcpy.o
 .text.stpcpy   0x0000000000000000       0x3a obj.riscv.amiga_mpu_bios/stpcpy.o
 .comment       0x0000000000000000       0x1c obj.riscv.amiga_mpu_bios/stpcpy.o
 .riscv.attributes
                0x0000000000000000       0x2b obj.riscv.amiga_mpu_bios/stpcpy.o
 .text          0x0000000000000000        0x0 obj.riscv.amiga_mpu_bios/strcat.o
 .data          0x0000000000000000        0x0 obj.riscv.amiga_mpu_bios/strcat.o
 .bss           0x0000000000000000        0x0 obj.riscv.amiga_mpu_bios/strcat.o
 .text.strcat   0x0000000000000000       0x32 obj.riscv.amiga_mpu_bios/strcat.o
 .text.strncat  0x0000000000000000       0x28 obj.riscv.amiga_mpu_bios/strcat.o
 .comment       0x0000000000000000       0x1c obj.riscv.amiga_mpu_bios/strcat.o
 .riscv.attributes
                0x0000000000000000       0x2b obj.riscv.amiga_mpu_bios/strcat.o
 .text          0x0000000000000000        0x0 obj.riscv.amiga_mpu_bios/strcmp.o
 .data          0x0000000000000000        0x0 obj.riscv.amiga_mpu_bios/strcmp.o
 .bss           0x0000000000000000        0x0 obj.riscv.amiga_mpu_bios/strcmp.o
 .text.strcmp   0x0000000000000000       0x1c obj.riscv.amiga_mpu_bios/strcmp.o
 .text.strncmp  0x0000000000000000       0x26 obj.riscv.amiga_mpu_bios/strcmp.o
 .text.strcasecmp
                0x0000000000000000       0x5c obj.riscv.amiga_mpu_bios/strcmp.o
 .text.strncasecmp
                0x0000000000000000       0x70 obj.riscv.amiga_mpu_bios/strcmp.o
 .comment       0x0000000000000000       0x1c obj.riscv.amiga_mpu_bios/strcmp.o
 .riscv.attributes
                0x0000000000000000       0x2b obj.riscv.amiga_mpu_bios/strcmp.o
 .text          0x0000000000000000        0x0 obj.riscv.amiga_mpu_bios/strcpy.o
 .data          0x0000000000000000        0x0 obj.riscv.amiga_mpu_bios/strcpy.o
 .bss           0x0000000000000000        0x0 obj.riscv.amiga_mpu_bios/strcpy.o
 .text.strcpy   0x0000000000000000       0x12 obj.riscv.amiga_mpu_bios/strcpy.o
 .text.strncpy  0x0000000000000000       0x3e obj.riscv.amiga_mpu_bios/strcpy.o
 .comment       0x0000000000000000       0x1c obj.riscv.amiga_mpu_bios/strcpy.o
 .riscv.attributes
                0x0000000000000000       0x2b obj.riscv.amiga_mpu_bios/strcpy.o
 .text          0x0000000000000000        0x0 obj.riscv.amiga_mpu_bios/strlen.o
 .data          0x0000000000000000        0x0 obj.riscv.amiga_mpu_bios/strlen.o
 .bss           0x0000000000000000        0x0 obj.riscv.amiga_mpu_bios/strlen.o
 .text.strnlen  0x0000000000000000       0x24 obj.riscv.amiga_mpu_bios/strlen.o
 .text          0x0000000000000000        0x0 obj.riscv.amiga_mpu_bios/stropen.o
 .data          0x0000000000000000        0x0 obj.riscv.amiga_mpu_bios/stropen.o
 .bss           0x0000000000000000        0x0 obj.riscv.amiga_mpu_bios/stropen.o
 .text.buf_getchar
                0x0000000000000000       0x14 obj.riscv.amiga_mpu_bios/stropen.o
 .text.buf_peekchar
                0x0000000000000000        0xe obj.riscv.amiga_mpu_bios/stropen.o
 .text.buf_feof
                0x0000000000000000        0xc obj.riscv.amiga_mpu_bios/stropen.o
 .text.buf_putchar
                0x0000000000000000       0x1c obj.riscv.amiga_mpu_bios/stropen.o
 .text.stropen  0x0000000000000000       0x10 obj.riscv.amiga_mpu_bios/stropen.o
 .text.strclose
                0x0000000000000000       0x1a obj.riscv.amiga_mpu_bios/stropen.o
 .data.buf_interface
                0x0000000000000000       0x1c obj.riscv.amiga_mpu_bios/stropen.o
 .comment       0x0000000000000000       0x1c obj.riscv.amiga_mpu_bios/stropen.o
 .riscv.attributes
                0x0000000000000000       0x2b obj.riscv.amiga_mpu_bios/stropen.o
 .text          0x0000000000000000        0x0 obj.riscv.amiga_mpu_bios/strpbrk.o
 .data          0x0000000000000000        0x0 obj.riscv.amiga_mpu_bios/strpbrk.o
 .bss           0x0000000000000000        0x0 obj.riscv.amiga_mpu_bios/strpbrk.o
 .text.strpbrk  0x0000000000000000       0x26 obj.riscv.amiga_mpu_bios/strpbrk.o
 .comment       0x0000000000000000       0x1c obj.riscv.amiga_mpu_bios/strpbrk.o
 .riscv.attributes
                0x0000000000000000       0x2b obj.riscv.amiga_mpu_bios/strpbrk.o
 .text          0x0000000000000000        0x0 obj.riscv.amiga_mpu_bios/strrchr.o
 .data          0x0000000000000000        0x0 obj.riscv.amiga_mpu_bios/strrchr.o
 .bss           0x0000000000000000        0x0 obj.riscv.amiga_mpu_bios/strrchr.o
 .text.strrchr  0x0000000000000000       0x1c obj.riscv.amiga_mpu_bios/strrchr.o
 .text.strchr   0x0000000000000000       0x10 obj.riscv.amiga_mpu_bios/strrchr.o
 .comment       0x0000000000000000       0x1c obj.riscv.amiga_mpu_bios/strrchr.o
 .riscv.attributes
                0x0000000000000000       0x2b obj.riscv.amiga_mpu_bios/strrchr.o
 .text          0x0000000000000000        0x0 obj.riscv.amiga_mpu_bios/strstr.o
 .data          0x0000000000000000        0x0 obj.riscv.amiga_mpu_bios/strstr.o
 .bss           0x0000000000000000        0x0 obj.riscv.amiga_mpu_bios/strstr.o
 .text.strstr   0x0000000000000000       0x38 obj.riscv.amiga_mpu_bios/strstr.o
 .comment       0x0000000000000000       0x1c obj.riscv.amiga_mpu_bios/strstr.o
 .riscv.attributes
                0x0000000000000000       0x2b obj.riscv.amiga_mpu_bios/strstr.o
 .text          0x0000000000000000        0x0 obj.riscv.amiga_mpu_bios/strtok.o
 .data          0x0000000000000000        0x0 obj.riscv.amiga_mpu_bios/strtok.o
 .bss           0x0000000000000000        0x0 obj.riscv.amiga_mpu_bios/strtok.o
 .text.strspn   0x0000000000000000       0x34 obj.riscv.amiga_mpu_bios/strtok.o
 .text.strtok   0x0000000000000000       0x66 obj.riscv.amiga_mpu_bios/strtok.o
 .sdata.lastToken.0
                0x0000000000000000        0x4 obj.riscv.amiga_mpu_bios/strtok.o
 .comment       0x0000000000000000       0x1c obj.riscv.amiga_mpu_bios/strtok.o
 .riscv.attributes
                0x0000000000000000       0x2b obj.riscv.amiga_mpu_bios/strtok.o
 .text          0x0000000000000000        0x0 obj.riscv.amiga_mpu_bios/strtol.o
 .data          0x0000000000000000        0x0 obj.riscv.amiga_mpu_bios/strtol.o
 .bss           0x0000000000000000        0x0 obj.riscv.amiga_mpu_bios/strtol.o
 .text.strtol   0x0000000000000000        0x2 obj.riscv.amiga_mpu_bios/strtol.o
 .comment       0x0000000000000000       0x1c obj.riscv.amiga_mpu_bios/strtol.o
 .riscv.attributes
                0x0000000000000000       0x2b obj.riscv.amiga_mpu_bios/strtol.o
 .text          0x0000000000000000        0x0 obj.riscv.amiga_mpu_bios/tolower.o
 .data          0x0000000000000000        0x0 obj.riscv.amiga_mpu_bios/tolower.o
 .bss           0x0000000000000000        0x0 obj.riscv.amiga_mpu_bios/tolower.o
 .text.tolower  0x0000000000000000       0x10 obj.riscv.amiga_mpu_bios/tolower.o
 .comment       0x0000000000000000       0x1c obj.riscv.amiga_mpu_bios/tolower.o
 .riscv.attributes
                0x0000000000000000       0x2b obj.riscv.amiga_mpu_bios/tolower.o
 .text          0x0000000000000000        0x0 obj.riscv.amiga_mpu_bios/toupper.o
 .data          0x0000000000000000        0x0 obj.riscv.amiga_mpu_bios/toupper.o
 .bss           0x0000000000000000        0x0 obj.riscv.amiga_mpu_bios/toupper.o
 .text.toupper  0x0000000000000000        0xe obj.riscv.amiga_mpu_bios/toupper.o
 .comment       0x0000000000000000       0x1c obj.riscv.amiga_mpu_bios/toupper.o
 .riscv.attributes
                0x0000000000000000       0x2b obj.riscv.amiga_mpu_bios/toupper.o
 .text          0x0000000000000000        0x0 obj.riscv.amiga_mpu_bios/vscanf.o
 .data          0x0000000000000000        0x0 obj.riscv.amiga_mpu_bios/vscanf.o
 .bss           0x0000000000000000        0x0 obj.riscv.amiga_mpu_bios/vscanf.o
 .text.stream_vscanf
                0x0000000000000000      0x4c0 obj.riscv.amiga_mpu_bios/vscanf.o
 .rodata.stream_vscanf
                0x0000000000000000       0x78 obj.riscv.amiga_mpu_bios/vscanf.o
 .comment       0x0000000000000000       0x1c obj.riscv.amiga_mpu_bios/vscanf.o
 .riscv.attributes
                0x0000000000000000       0x2b obj.riscv.amiga_mpu_bios/vscanf.o

Memory Configuration

Name             Origin             Length             Attributes
RAM              0x0000000000000000 0x0000000000020000 xrw
*default*        0x0000000000000000 0xffffffffffffffff

Linker script and memory map

LOAD obj.riscv.amiga_mpu_bios/boot.o
LOAD obj.riscv.amiga_mpu_bios/core.o
LOAD obj.riscv.amiga_mpu_bios/main.o
LOAD obj.riscv.amiga_mpu_bios/minimig_config.o
LOAD obj.riscv.amiga_mpu_bios/minimig_osd_keyboard.o
LOAD obj.riscv.amiga_mpu_bios/ide.o
LOAD obj.riscv.amiga_mpu_bios/inputs.o
LOAD obj.riscv.amiga_mpu_bios/apf.o
LOAD obj.riscv.amiga_mpu_bios/fileio.o
LOAD obj.riscv.amiga_mpu_bios/cue.o
LOAD obj.riscv.amiga_mpu_bios/seektime.o
LOAD obj.riscv.amiga_mpu_bios/fdd.o
LOAD obj.riscv.amiga_mpu_bios/spi.o
LOAD obj.riscv.amiga_mpu_bios/charrom.o
LOAD obj.riscv.amiga_mpu_bios/osd.o
LOAD obj.riscv.amiga_mpu_bios/osd_menu.o
LOAD obj.riscv.amiga_mpu_bios/uart.o
LOAD obj.riscv.amiga_mpu_bios/interrupts.o
LOAD obj.riscv.amiga_mpu_bios/riscprintf.o
LOAD obj.riscv.amiga_mpu_bios/timer.o
LOAD obj.riscv.amiga_mpu_bios/atoi.o
LOAD obj.riscv.amiga_mpu_bios/bcmp.o
LOAD obj.riscv.amiga_mpu_bios/isalpha.o
LOAD obj.riscv.amiga_mpu_bios/itoa.o
LOAD obj.riscv.amiga_mpu_bios/malloc.o
LOAD obj.riscv.amiga_mpu_bios/memchr.o
LOAD obj.riscv.amiga_mpu_bios/memcmp.o
LOAD obj.riscv.amiga_mpu_bios/memcpy.o
LOAD obj.riscv.amiga_mpu_bios/memmove.o
LOAD obj.riscv.amiga_mpu_bios/memset.o
LOAD obj.riscv.amiga_mpu_bios/printf.o
LOAD obj.riscv.amiga_mpu_bios/rindex.o
LOAD obj.riscv.amiga_mpu_bios/sscanf.o
LOAD obj.riscv.amiga_mpu_bios/stpcpy.o
LOAD obj.riscv.amiga_mpu_bios/strcat.o
LOAD obj.riscv.amiga_mpu_bios/strcmp.o
LOAD obj.riscv.amiga_mpu_bios/strcpy.o
LOAD obj.riscv.amiga_mpu_bios/strlen.o
LOAD obj.riscv.amiga_mpu_bios/stropen.o
LOAD obj.riscv.amiga_mpu_bios/strpbrk.o
LOAD obj.riscv.amiga_mpu_bios/strrchr.o
LOAD obj.riscv.amiga_mpu_bios/strstr.o
LOAD obj.riscv.amiga_mpu_bios/strtok.o
LOAD obj.riscv.amiga_mpu_bios/strtol.o
LOAD obj.riscv.amiga_mpu_bios/tolower.o
LOAD obj.riscv.amiga_mpu_bios/toupper.o
LOAD obj.riscv.amiga_mpu_bios/vscanf.o
LOAD /opt/riscv/lib/gcc/riscv32-unknown-elf/12.2.0/libgcc.a
                0x0000000000000000                BASE_ADDRESS = 0x0
                0x0000000000020000                MEM_SIZE = 0x20000
START GROUP
LOAD /opt/riscv/lib/gcc/riscv32-unknown-elf/12.2.0/libgcc.a
END GROUP

.text           0x0000000000000000     0x7474
 *(.boot)
 .boot          0x0000000000000000       0x1c obj.riscv.amiga_mpu_bios/boot.o
 *(.boot)
 *(.text .text.*)
 .text          0x000000000000001c      0x230 obj.riscv.amiga_mpu_bios/boot.o
                0x0000000000000140                isr_vector
                0x0000000000000198                exception_return
                0x00000000000001e8                exception_syscall
                0x0000000000000242                _exit
 .text._Z10core_reseti
                0x000000000000024c       0x26 obj.riscv.amiga_mpu_bios/core.o
                0x000000000000024c                core_reset(int)
 .text._Z21core_update_dataslotsv
                0x0000000000000272       0x8a obj.riscv.amiga_mpu_bios/core.o
                0x0000000000000272                core_update_dataslots()
 .text._Z12core_poll_iov
                0x00000000000002fc       0xb0 obj.riscv.amiga_mpu_bios/core.o
                0x00000000000002fc                core_poll_io()
 .text._Z15core_reg_updatev
                0x00000000000003ac       0x18 obj.riscv.amiga_mpu_bios/core.o
                0x00000000000003ac                core_reg_update()
 .text._Z18core_restart_firstv
                0x00000000000003c4       0x1e obj.riscv.amiga_mpu_bios/core.o
                0x00000000000003c4                core_restart_first()
 .text._Z16core_input_setupv
                0x00000000000003e2        0x4 obj.riscv.amiga_mpu_bios/core.o
                0x00000000000003e2                core_input_setup()
 .text._Z17core_input_updatev
                0x00000000000003e6        0x4 obj.riscv.amiga_mpu_bios/core.o
                0x00000000000003e6                core_input_update()
 .text._Z4initv
                0x00000000000003ea       0x30 obj.riscv.amiga_mpu_bios/main.o
                0x00000000000003ea                init()
 .text._Z8mainloopv
                0x000000000000041a       0xfe obj.riscv.amiga_mpu_bios/main.o
                0x000000000000041a                mainloop()
 .text.startup.main
                0x0000000000000518       0x14 obj.riscv.amiga_mpu_bios/main.o
                0x0000000000000518                main
 .text._Z12minimig_biosv
                0x000000000000052c      0x106 obj.riscv.amiga_mpu_bios/minimig_config.o
                0x000000000000052c                minimig_bios()
 .text.minimig_restart_running_core
                0x0000000000000632       0x62 obj.riscv.amiga_mpu_bios/minimig_config.o
                0x0000000000000632                minimig_restart_running_core
 .text.minimig_fdd_update
                0x0000000000000694       0x6c obj.riscv.amiga_mpu_bios/minimig_config.o
                0x0000000000000694                minimig_fdd_update
 .text.minimig_hdd_update
                0x0000000000000700       0xb0 obj.riscv.amiga_mpu_bios/minimig_config.o
                0x0000000000000700                minimig_hdd_update
 .text.minimig_restart_first
                0x00000000000007b0       0x68 obj.riscv.amiga_mpu_bios/minimig_config.o
                0x00000000000007b0                minimig_restart_first
 .text._Z19OSD_Keyboard_1_linebi
                0x0000000000000818      0x53a obj.riscv.amiga_mpu_bios/minimig_osd_keyboard.o
                0x0000000000000818                OSD_Keyboard_1_line(bool, int)
 .text._Z19OSD_Keyboard_2_linebi
                0x0000000000000d52      0x540 obj.riscv.amiga_mpu_bios/minimig_osd_keyboard.o
                0x0000000000000d52                OSD_Keyboard_2_line(bool, int)
 .text._Z19OSD_Keyboard_3_linebi
                0x0000000000001292      0x542 obj.riscv.amiga_mpu_bios/minimig_osd_keyboard.o
                0x0000000000001292                OSD_Keyboard_3_line(bool, int)
 .text._Z19OSD_Keyboard_4_linebi
                0x00000000000017d4      0x514 obj.riscv.amiga_mpu_bios/minimig_osd_keyboard.o
                0x00000000000017d4                OSD_Keyboard_4_line(bool, int)
 .text._Z19OSD_Keyboard_5_linebi
                0x0000000000001ce8      0x56e obj.riscv.amiga_mpu_bios/minimig_osd_keyboard.o
                0x0000000000001ce8                OSD_Keyboard_5_line(bool, int)
 .text._Z19OSD_Keyboard_6_linebi
                0x0000000000002256      0x576 obj.riscv.amiga_mpu_bios/minimig_osd_keyboard.o
                0x0000000000002256                OSD_Keyboard_6_line(bool, int)
 .text._Z20OSD_Keyboard_processv
                0x00000000000027cc      0x4ba obj.riscv.amiga_mpu_bios/minimig_osd_keyboard.o
                0x00000000000027cc                OSD_Keyboard_process()
 .text._ZL7put_lbaP10ide_configm
                0x0000000000002c86       0x5c obj.riscv.amiga_mpu_bios/ide.o
 .text._ZL16ide_set_geometryP7drive_ttt
                0x0000000000002ce2       0x80 obj.riscv.amiga_mpu_bios/ide.o
 .text._ZL7get_lbaP10ide_config
                0x0000000000002d62       0x58 obj.riscv.amiga_mpu_bios/ide.o
 .text._Z9ide_checkv
                0x0000000000002dba       0x3a obj.riscv.amiga_mpu_bios/ide.o
                0x0000000000002dba                ide_check()
 .text._Z12ide_get_regsP10ide_config
                0x0000000000002df4       0x9c obj.riscv.amiga_mpu_bios/ide.o
                0x0000000000002df4                ide_get_regs(ide_config*)
 .text._Z12ide_set_regsP10ide_config
                0x0000000000002e90       0xda obj.riscv.amiga_mpu_bios/ide.o
                0x0000000000002e90                ide_set_regs(ide_config*)
 .text._ZL12process_readP10ide_configi
                0x0000000000002f6a      0x252 obj.riscv.amiga_mpu_bios/ide.o
 .text._ZL13process_writeP10ide_configi
                0x00000000000031bc      0x17e obj.riscv.amiga_mpu_bios/ide.o
 .text._ZL10handle_hddP10ide_config
                0x000000000000333a      0x1c6 obj.riscv.amiga_mpu_bios/ide.o
 .text._Z13calc_geometryP7hdfTYPE
                0x0000000000003500       0x6c obj.riscv.amiga_mpu_bios/ide.o
                0x0000000000003500                calc_geometry(hdfTYPE*)
 .text._Z16get_rdb_geometryP7hdfTYPE
                0x000000000000356c       0xea obj.riscv.amiga_mpu_bios/ide.o
                0x000000000000356c                get_rdb_geometry(hdfTYPE*)
 .text._Z14guess_geometryP7hdfTYPE
                0x0000000000003656      0x144 obj.riscv.amiga_mpu_bios/ide.o
                0x0000000000003656                guess_geometry(hdfTYPE*)
 .text._Z11ide_img_setmtiiii
                0x000000000000379a      0x3b8 obj.riscv.amiga_mpu_bios/ide.o
                0x000000000000379a                ide_img_set(unsigned long, unsigned short, int, int, int, int)
 .text._Z6ide_ioii
                0x0000000000003b52      0x228 obj.riscv.amiga_mpu_bios/ide.o
                0x0000000000003b52                ide_io(int, int)
 .text._Z8ide_openht
                0x0000000000003d7a       0xc4 obj.riscv.amiga_mpu_bios/ide.o
                0x0000000000003d7a                ide_open(unsigned char, unsigned short)
 .text._Z15input_allow_osdb
                0x0000000000003e3e       0x12 obj.riscv.amiga_mpu_bios/inputs.o
                0x0000000000003e3e                input_allow_osd(bool)
 .text._Z19update_mouse_inputsv
                0x0000000000003e50      0x388 obj.riscv.amiga_mpu_bios/inputs.o
                0x0000000000003e50                update_mouse_inputs()
 .text._Z22update_keyboard_inputsv
                0x00000000000041d8      0x2c2 obj.riscv.amiga_mpu_bios/inputs.o
                0x00000000000041d8                update_keyboard_inputs()
 .text._Z12input_updatev
                0x000000000000449a       0x40 obj.riscv.amiga_mpu_bios/inputs.o
                0x000000000000449a                input_update()
 .text._Z11input_setupv
                0x00000000000044da        0x6 obj.riscv.amiga_mpu_bios/inputs.o
                0x00000000000044da                input_setup()
 .text._Z16input_reg_updatev
                0x00000000000044e0        0xe obj.riscv.amiga_mpu_bios/inputs.o
                0x00000000000044e0                input_reg_update()
 .text._Z14dataslot_readyv
                0x00000000000044ee       0x36 obj.riscv.amiga_mpu_bios/apf.o
                0x00000000000044ee                dataslot_ready()
 .text._Z13dataslot_sizet
                0x0000000000004524       0x66 obj.riscv.amiga_mpu_bios/apf.o
                0x0000000000004524                dataslot_size(unsigned short)
 .text._Z19dataslot_size_lba64t
                0x000000000000458a       0x8c obj.riscv.amiga_mpu_bios/apf.o
                0x000000000000458a                dataslot_size_lba64(unsigned short)
 .text._Z13dataslot_readtmmmb
                0x0000000000004616       0xf2 obj.riscv.amiga_mpu_bios/apf.o
                0x0000000000004616                dataslot_read(unsigned short, unsigned long, unsigned long, unsigned long, bool)
 .text._Z14dataslot_writetmmmb
                0x0000000000004708       0xa2 obj.riscv.amiga_mpu_bios/apf.o
                0x0000000000004708                dataslot_write(unsigned short, unsigned long, unsigned long, unsigned long, bool)
 .text._Z22dataslot_write_lba_settmm
                0x00000000000047aa       0x2c obj.riscv.amiga_mpu_bios/apf.o
                0x00000000000047aa                dataslot_write_lba_set(unsigned short, unsigned long, unsigned long)
 .text._Z18dataslot_write_lbamb
                0x00000000000047d6       0x36 obj.riscv.amiga_mpu_bios/apf.o
                0x00000000000047d6                dataslot_write_lba(unsigned long, bool)
 .text._Z7GetDatav
                0x000000000000480c      0x220 obj.riscv.amiga_mpu_bios/fdd.o
                0x000000000000480c                GetData()
 .text._Z8FindSyncP7adfTYPE
                0x0000000000004a2c       0x9c obj.riscv.amiga_mpu_bios/fdd.o
                0x0000000000004a2c                FindSync(adfTYPE*)
 .text._Z9GetHeaderPhS_
                0x0000000000004ac8      0x29c obj.riscv.amiga_mpu_bios/fdd.o
                0x0000000000004ac8                GetHeader(unsigned char*, unsigned char*)
 .text._Z10SendSectorPhhhhh
                0x0000000000004d64      0x1e6 obj.riscv.amiga_mpu_bios/fdd.o
                0x0000000000004d64                SendSector(unsigned char*, unsigned char, unsigned char, unsigned char, unsigned char)
 .text._Z10WriteTrackP7adfTYPE
                0x0000000000004f4a       0xde obj.riscv.amiga_mpu_bios/fdd.o
                0x0000000000004f4a                WriteTrack(adfTYPE*)
 .text._Z9ReadTrackP7adfTYPE
                0x0000000000005028      0x296 obj.riscv.amiga_mpu_bios/fdd.o
                0x0000000000005028                ReadTrack(adfTYPE*)
 .text.UpdateDriveStatus_fdd
                0x00000000000052be       0xba obj.riscv.amiga_mpu_bios/fdd.o
                0x00000000000052be                UpdateDriveStatus_fdd
 .text.UnsertFloppy
                0x0000000000005378       0x34 obj.riscv.amiga_mpu_bios/fdd.o
                0x0000000000005378                UnsertFloppy
 .text.RemoveDriveStatus
                0x00000000000053ac       0x10 obj.riscv.amiga_mpu_bios/fdd.o
                0x00000000000053ac                RemoveDriveStatus
 .text.HandleFDD
                0x00000000000053bc       0x6a obj.riscv.amiga_mpu_bios/fdd.o
                0x00000000000053bc                HandleFDD
 .text.InsertFloppy
                0x0000000000005426       0x90 obj.riscv.amiga_mpu_bios/fdd.o
                0x0000000000005426                InsertFloppy
 .text._Z14HPS_EnableFpgav
                0x00000000000054b6       0x20 obj.riscv.amiga_mpu_bios/spi.o
                0x00000000000054b6                HPS_EnableFpga()
 .text._Z15HPS_DisableFpgav
                0x00000000000054d6       0x1e obj.riscv.amiga_mpu_bios/spi.o
                0x00000000000054d6                HPS_DisableFpga()
 .text._Z12HPS_EnableIOv
                0x00000000000054f4       0x20 obj.riscv.amiga_mpu_bios/spi.o
                0x00000000000054f4                HPS_EnableIO()
 .text._Z13HPS_DisableIOv
                0x0000000000005514       0x1e obj.riscv.amiga_mpu_bios/spi.o
                0x0000000000005514                HPS_DisableIO()
 .text._Z14HPS_DisableOsdv
                0x0000000000005532       0x1e obj.riscv.amiga_mpu_bios/spi.o
                0x0000000000005532                HPS_DisableOsd()
 .text._Z12HPS_fpga_spit
                0x0000000000005550       0x4c obj.riscv.amiga_mpu_bios/spi.o
                0x0000000000005550                HPS_fpga_spi(unsigned short)
 .text._Z7spi32_wm
                0x000000000000559c       0x28 obj.riscv.amiga_mpu_bios/spi.o
                0x000000000000559c                spi32_w(unsigned long)
 .text._Z16HPS_spi_uio_cmd8hh
                0x00000000000055c4       0x64 obj.riscv.amiga_mpu_bios/spi.o
                0x00000000000055c4                HPS_spi_uio_cmd8(unsigned char, unsigned char)
 .text._Z17HPS_fpga_spi_fastt
                0x0000000000005628       0x24 obj.riscv.amiga_mpu_bios/spi.o
                0x0000000000005628                HPS_fpga_spi_fast(unsigned short)
 .text._Z29HPS_fpga_spi_fast_block_writePKtm
                0x000000000000564c       0x3e obj.riscv.amiga_mpu_bios/spi.o
                0x000000000000564c                HPS_fpga_spi_fast_block_write(unsigned short const*, unsigned long)
 .text._Z28HPS_fpga_spi_fast_block_readPtmb
                0x000000000000568a       0x36 obj.riscv.amiga_mpu_bios/spi.o
                0x000000000000568a                HPS_fpga_spi_fast_block_read(unsigned short*, unsigned long, bool)
 .text._Z20HPS_spi_osd_cmd_conth
                0x00000000000056c0       0x28 obj.riscv.amiga_mpu_bios/spi.o
                0x00000000000056c0                HPS_spi_osd_cmd_cont(unsigned char)
 .text._Z15HPS_spi_osd_cmdh
                0x00000000000056e8       0x44 obj.riscv.amiga_mpu_bios/spi.o
                0x00000000000056e8                HPS_spi_osd_cmd(unsigned char)
 .text._Z17HPS_OSD_spi_writePKhmi
                0x000000000000572c       0x66 obj.riscv.amiga_mpu_bios/spi.o
                0x000000000000572c                HPS_OSD_spi_write(unsigned char const*, unsigned long, int)
 .text._Z14OsdWriteOffsethPKchhcccii
                0x0000000000005792      0x36c obj.riscv.amiga_mpu_bios/osd.o
                0x0000000000005792                OsdWriteOffset(unsigned char, char const*, unsigned char, unsigned char, char, char, char, int, int)
 .text._Z8OsdWritePKchhcii
                0x0000000000005afe       0x20 obj.riscv.amiga_mpu_bios/osd.o
                0x0000000000005afe                OsdWrite(char const*, unsigned char, unsigned char, char, int, int)
 .text._Z14OsdWriteDirecttPKcbhii
                0x0000000000005b1e       0x76 obj.riscv.amiga_mpu_bios/osd.o
                0x0000000000005b1e                OsdWriteDirect(unsigned short, char const*, bool, unsigned char, int, int)
 .text._Z8OsdClearv
                0x0000000000005b94       0x18 obj.riscv.amiga_mpu_bios/osd.o
                0x0000000000005b94                OsdClear()
 .text._Z10InfoEnableiiiiii
                0x0000000000005bac       0x80 obj.riscv.amiga_mpu_bios/osd.o
                0x0000000000005bac                InfoEnable(int, int, int, int, int, int)
 .text._Z10OsdDisablev
                0x0000000000005c2c        0x8 obj.riscv.amiga_mpu_bios/osd.o
                0x0000000000005c2c                OsdDisable()
 .text._Z9OsdUpdatei
                0x0000000000005c34       0x28 obj.riscv.amiga_mpu_bios/osd.o
                0x0000000000005c34                OsdUpdate(int)
 .text.SetUART  0x0000000000005c5c        0xa obj.riscv.amiga_mpu_bios/uart.o
                0x0000000000005c5c                SetUART
 .text._handle_trap
                0x0000000000005c66       0x20 obj.riscv.amiga_mpu_bios/interrupts.o
                0x0000000000005c66                _handle_trap
 .text._Z16EnableInterruptsv
                0x0000000000005c86        0x8 obj.riscv.amiga_mpu_bios/interrupts.o
                0x0000000000005c86                EnableInterrupts()
 .text._Z22timer1Interrupts_setupm
                0x0000000000005c8e        0x6 obj.riscv.amiga_mpu_bios/interrupts.o
                0x0000000000005c8e                timer1Interrupts_setup(unsigned long)
 .text._Z22timer1Interrupts_resetv
                0x0000000000005c94        0x8 obj.riscv.amiga_mpu_bios/interrupts.o
                0x0000000000005c94                timer1Interrupts_reset()
 .text._Z17DisableInterruptsv
                0x0000000000005c9c        0x6 obj.riscv.amiga_mpu_bios/interrupts.o
                0x0000000000005c9c                DisableInterrupts()
 .text.riscprintf_
                0x0000000000005ca2       0x16 obj.riscv.amiga_mpu_bios/riscprintf.o
                0x0000000000005ca2                riscprintf_
 .text._Z10ResetTimerv
                0x0000000000005cb8       0x14 obj.riscv.amiga_mpu_bios/timer.o
                0x0000000000005cb8                ResetTimer()
 .text._Z8SetTimerv
                0x0000000000005ccc        0xe obj.riscv.amiga_mpu_bios/timer.o
                0x0000000000005ccc                SetTimer()
 .text._Z10riscusleepi
                0x0000000000005cda        0xe obj.riscv.amiga_mpu_bios/timer.o
                0x0000000000005cda                riscusleep(int)
 .text.memset   0x0000000000005ce8       0x1a obj.riscv.amiga_mpu_bios/memset.o
                0x0000000000005ce8                memset
 .text.outnum   0x0000000000005d02      0x212 obj.riscv.amiga_mpu_bios/printf.o
 .text.vbuf_printf
                0x0000000000005f14      0x39c obj.riscv.amiga_mpu_bios/printf.o
                0x0000000000005f14                vbuf_printf
 .text.printf   0x00000000000062b0       0x3e obj.riscv.amiga_mpu_bios/printf.o
                0x00000000000062b0                printf
 .text.strlen   0x00000000000062ee       0x1a obj.riscv.amiga_mpu_bios/strlen.o
                0x00000000000062ee                strlen
 *(.rodata)
 *(.rodata*)
 .rodata._Z10core_reseti.str1.4
                0x0000000000006308       0x18 obj.riscv.amiga_mpu_bios/core.o
 .rodata._Z21core_update_dataslotsv.str1.4
                0x0000000000006320       0x15 obj.riscv.amiga_mpu_bios/core.o
 *fill*         0x0000000000006335        0x3 
 .rodata._Z12core_poll_iov.str1.4
                0x0000000000006338       0x52 obj.riscv.amiga_mpu_bios/core.o
 *fill*         0x000000000000638a        0x2 
 .rodata._Z4initv.str1.4
                0x000000000000638c        0x5 obj.riscv.amiga_mpu_bios/main.o
 *fill*         0x0000000000006391        0x3 
 .rodata._Z8mainloopv.str1.4
                0x0000000000006394       0xce obj.riscv.amiga_mpu_bios/main.o
 *fill*         0x0000000000006462        0x2 
 .rodata._Z12minimig_biosv.str1.4
                0x0000000000006464       0x3d obj.riscv.amiga_mpu_bios/minimig_config.o
 *fill*         0x00000000000064a1        0x3 
 .rodata.minimig_restart_running_core.str1.4
                0x00000000000064a4       0x12 obj.riscv.amiga_mpu_bios/minimig_config.o
 *fill*         0x00000000000064b6        0x2 
 .rodata.minimig_hdd_update.str1.4
                0x00000000000064b8       0x42 obj.riscv.amiga_mpu_bios/minimig_config.o
 *fill*         0x00000000000064fa        0x2 
 .rodata._Z19OSD_Keyboard_1_linebi.str1.4
                0x00000000000064fc       0x46 obj.riscv.amiga_mpu_bios/minimig_osd_keyboard.o
 *fill*         0x0000000000006542        0x2 
 .rodata._Z19OSD_Keyboard_2_linebi.str1.4
                0x0000000000006544       0x12 obj.riscv.amiga_mpu_bios/minimig_osd_keyboard.o
 *fill*         0x0000000000006556        0x2 
 .rodata._Z19OSD_Keyboard_3_linebi.str1.4
                0x0000000000006558       0x2e obj.riscv.amiga_mpu_bios/minimig_osd_keyboard.o
 *fill*         0x0000000000006586        0x2 
 .rodata._Z19OSD_Keyboard_4_linebi.str1.4
                0x0000000000006588       0x12 obj.riscv.amiga_mpu_bios/minimig_osd_keyboard.o
 *fill*         0x000000000000659a        0x2 
 .rodata._Z19OSD_Keyboard_5_linebi.str1.4
                0x000000000000659c       0x22 obj.riscv.amiga_mpu_bios/minimig_osd_keyboard.o
 *fill*         0x00000000000065be        0x2 
 .rodata._Z19OSD_Keyboard_6_linebi.str1.4
                0x00000000000065c0        0xa obj.riscv.amiga_mpu_bios/minimig_osd_keyboard.o
 *fill*         0x00000000000065ca        0x2 
 .rodata._Z20OSD_Keyboard_processv
                0x00000000000065cc      0x138 obj.riscv.amiga_mpu_bios/minimig_osd_keyboard.o
 .rodata._ZL18osdKeyboardlocater
                0x0000000000006704       0x5a obj.riscv.amiga_mpu_bios/minimig_osd_keyboard.o
 *fill*         0x000000000000675e        0x2 
 .rodata._ZL16ide_set_geometryP7drive_ttt.str1.4
                0x0000000000006760       0x39 obj.riscv.amiga_mpu_bios/ide.o
 *fill*         0x0000000000006799        0x3 
 .rodata._ZL12process_readP10ide_configi.str1.4
                0x000000000000679c       0x33 obj.riscv.amiga_mpu_bios/ide.o
 *fill*         0x00000000000067cf        0x1 
 .rodata._ZL10handle_hddP10ide_config.str1.4
                0x00000000000067d0       0xa9 obj.riscv.amiga_mpu_bios/ide.o
 *fill*         0x0000000000006879        0x3 
 .rodata._ZL10handle_hddP10ide_config
                0x000000000000687c       0xe4 obj.riscv.amiga_mpu_bios/ide.o
 .rodata._Z16get_rdb_geometryP7hdfTYPE.str1.4
                0x0000000000006960       0x96 obj.riscv.amiga_mpu_bios/ide.o
 *fill*         0x00000000000069f6        0x2 
 .rodata._Z14guess_geometryP7hdfTYPE.str1.4
                0x00000000000069f8       0xca obj.riscv.amiga_mpu_bios/ide.o
 *fill*         0x0000000000006ac2        0x2 
 .rodata._Z11ide_img_setmtiiii.str1.4
                0x0000000000006ac4       0x67 obj.riscv.amiga_mpu_bios/ide.o
 *fill*         0x0000000000006b2b        0x1 
 .rodata._Z6ide_ioii.str1.4
                0x0000000000006b2c       0x6b obj.riscv.amiga_mpu_bios/ide.o
 *fill*         0x0000000000006b97        0x1 
 .rodata._Z8ide_openht.str1.4
                0x0000000000006b98       0x65 obj.riscv.amiga_mpu_bios/ide.o
 *fill*         0x0000000000006bfd        0x3 
 .rodata._Z15input_allow_osdb.str1.4
                0x0000000000006c00        0xc obj.riscv.amiga_mpu_bios/inputs.o
 .rodata._Z19update_mouse_inputsv.str1.4
                0x0000000000006c0c       0x48 obj.riscv.amiga_mpu_bios/inputs.o
 .rodata._ZL13mapHidToAmiga
                0x0000000000006c54      0x100 obj.riscv.amiga_mpu_bios/inputs.o
 .rodata._Z14dataslot_readyv.str1.4
                0x0000000000006d54       0x21 obj.riscv.amiga_mpu_bios/apf.o
 *fill*         0x0000000000006d75        0x3 
 .rodata._Z13dataslot_sizet.str1.4
                0x0000000000006d78       0x3b obj.riscv.amiga_mpu_bios/apf.o
 *fill*         0x0000000000006db3        0x1 
 .rodata._Z19dataslot_size_lba64t.str1.4
                0x0000000000006db4       0x75 obj.riscv.amiga_mpu_bios/apf.o
 *fill*         0x0000000000006e29        0x3 
 .rodata._Z13dataslot_readtmmmb.str1.4
                0x0000000000006e2c      0x150 obj.riscv.amiga_mpu_bios/apf.o
 .rodata._Z14dataslot_writetmmmb.str1.4
                0x0000000000006f7c       0xaa obj.riscv.amiga_mpu_bios/apf.o
 *fill*         0x0000000000007026        0x2 
 .rodata._Z9GetHeaderPhS_.str1.4
                0x0000000000007028       0x3c obj.riscv.amiga_mpu_bios/fdd.o
 .rodata._Z10WriteTrackP7adfTYPE.str1.4
                0x0000000000007064       0x48 obj.riscv.amiga_mpu_bios/fdd.o
 .rodata._Z9ReadTrackP7adfTYPE.str1.4
                0x00000000000070ac       0xa1 obj.riscv.amiga_mpu_bios/fdd.o
 *fill*         0x000000000000714d        0x3 
 .rodata.UpdateDriveStatus_fdd.str1.4
                0x0000000000007150       0x79 obj.riscv.amiga_mpu_bios/fdd.o
 *fill*         0x00000000000071c9        0x3 
 .rodata.UnsertFloppy.str1.4
                0x00000000000071cc        0x9 obj.riscv.amiga_mpu_bios/fdd.o
 *fill*         0x00000000000071d5        0x3 
 .rodata.HandleFDD.str1.4
                0x00000000000071d8       0x27 obj.riscv.amiga_mpu_bios/fdd.o
 *fill*         0x00000000000071ff        0x1 
 .rodata.InsertFloppy.str1.4
                0x0000000000007200       0xa3 obj.riscv.amiga_mpu_bios/fdd.o
 *fill*         0x00000000000072a3        0x1 
 .rodata.outnum.str1.4
                0x00000000000072a4       0x25 obj.riscv.amiga_mpu_bios/printf.o
 *fill*         0x00000000000072c9        0x3 
 .rodata.vbuf_printf
                0x00000000000072cc      0x1a8 obj.riscv.amiga_mpu_bios/printf.o
 *(.rdata*)
                0x0000000000007474                . = ALIGN (0x4)

.rela.dyn       0x0000000000007474        0x0
 .rela.text     0x0000000000007474        0x0 obj.riscv.amiga_mpu_bios/boot.o

.data           0x0000000000007474      0x88c
 *(.got.plt)
 *(.got)
 *(.shdata)
 *(.data .data.* .gnu.linkonce.d.*)
 .data.df       0x0000000000007474       0x50 obj.riscv.amiga_mpu_bios/fdd.o
                0x0000000000007474                df
 .data.charfont
                0x00000000000074c4      0x800 obj.riscv.amiga_mpu_bios/charrom.o
                0x00000000000074c4                charfont
                0x0000000000007cd0                . = ALIGN (0x10)
 *fill*         0x0000000000007cc4        0xc 
 *(.lit8)
 *(.lit4)
 *(.sdata .sdata.* .gnu.linkonce.s.*)
 .sdata.keyboard_a_pressed
                0x0000000000007cd0        0x1 obj.riscv.amiga_mpu_bios/minimig_osd_keyboard.o
                0x0000000000007cd0                keyboard_a_pressed
 .sdata.keyboard_toggle_a_button_pressed
                0x0000000000007cd1        0x1 obj.riscv.amiga_mpu_bios/minimig_osd_keyboard.o
                0x0000000000007cd1                keyboard_toggle_a_button_pressed
 .sdata.keyboard_toggle_right_button_pressed
                0x0000000000007cd2        0x1 obj.riscv.amiga_mpu_bios/minimig_osd_keyboard.o
                0x0000000000007cd2                keyboard_toggle_right_button_pressed
 .sdata.keyboard_toggle_left_button_pressed
                0x0000000000007cd3        0x1 obj.riscv.amiga_mpu_bios/minimig_osd_keyboard.o
                0x0000000000007cd3                keyboard_toggle_left_button_pressed
 .sdata.keyboard_toggle_down_button_pressed
                0x0000000000007cd4        0x1 obj.riscv.amiga_mpu_bios/minimig_osd_keyboard.o
                0x0000000000007cd4                keyboard_toggle_down_button_pressed
 .sdata.keyboard_toggle_up_button_pressed
                0x0000000000007cd5        0x1 obj.riscv.amiga_mpu_bios/minimig_osd_keyboard.o
                0x0000000000007cd5                keyboard_toggle_up_button_pressed
 .sdata.keyboard_toggle_button_pressed
                0x0000000000007cd6        0x1 obj.riscv.amiga_mpu_bios/minimig_osd_keyboard.o
                0x0000000000007cd6                keyboard_toggle_button_pressed
 *fill*         0x0000000000007cd7        0x1 
 .sdata.y       0x0000000000007cd8        0x4 obj.riscv.amiga_mpu_bios/minimig_osd_keyboard.o
                0x0000000000007cd8                y
 .sdata.x       0x0000000000007cdc        0x4 obj.riscv.amiga_mpu_bios/minimig_osd_keyboard.o
                0x0000000000007cdc                x
 .sdata.keyboard_osd_showing
                0x0000000000007ce0        0x1 obj.riscv.amiga_mpu_bios/inputs.o
                0x0000000000007ce0                keyboard_osd_showing
 .sdata.mouse_enabled_press_old
                0x0000000000007ce1        0x1 obj.riscv.amiga_mpu_bios/inputs.o
                0x0000000000007ce1                mouse_enabled_press_old
 .sdata.mouse_enabled_press
                0x0000000000007ce2        0x1 obj.riscv.amiga_mpu_bios/inputs.o
                0x0000000000007ce2                mouse_enabled_press
 .sdata.mouse_enabled
                0x0000000000007ce3        0x1 obj.riscv.amiga_mpu_bios/inputs.o
                0x0000000000007ce3                mouse_enabled
 .sdata.y_count
                0x0000000000007ce4        0x2 obj.riscv.amiga_mpu_bios/inputs.o
                0x0000000000007ce4                y_count
 .sdata.x_count
                0x0000000000007ce6        0x2 obj.riscv.amiga_mpu_bios/inputs.o
                0x0000000000007ce6                x_count
 .sdata.mouse_counter
                0x0000000000007ce8        0x4 obj.riscv.amiga_mpu_bios/inputs.o
                0x0000000000007ce8                mouse_counter
 .sdata.drives  0x0000000000007cec        0x1 obj.riscv.amiga_mpu_bios/fdd.o
                0x0000000000007cec                drives
 *fill*         0x0000000000007ced        0x3 
 .sdata._ZL6osdset
                0x0000000000007cf0        0x4 obj.riscv.amiga_mpu_bios/osd.o
 .sdata._ZL9osdbufpos
                0x0000000000007cf4        0x4 obj.riscv.amiga_mpu_bios/osd.o
 .sdata._ZL8osd_size
                0x0000000000007cf8        0x4 obj.riscv.amiga_mpu_bios/osd.o
 .sdata._stdout
                0x0000000000007cfc        0x4 obj.riscv.amiga_mpu_bios/printf.o
                0x0000000000007d00                . = ALIGN (0x8)
 *(.ram)
                0x0000000000007d00                . = ALIGN (0x8)
                0x0000000000007d00                _edata = .

.bss            0x0000000000007d00     0xba40
                0x0000000000007d00                . = ALIGN (0x4)
                0x0000000000007d00                _bss_start = .
 *(.bss*)
 .bss.sector_buffer
                0x0000000000007d00     0x4000 obj.riscv.amiga_mpu_bios/ide.o
                0x0000000000007d00                sector_buffer
 .bss._ZL3HDF   0x000000000000bd00       0xd0 obj.riscv.amiga_mpu_bios/ide.o
 .bss.ide_inst  0x000000000000bdd0     0x1f58 obj.riscv.amiga_mpu_bios/ide.o
                0x000000000000bdd0                ide_inst
 .bss.sector_bufferfdd0
                0x000000000000dd28      0x200 obj.riscv.amiga_mpu_bios/fdd.o
                0x000000000000dd28                sector_bufferfdd0
 .bss.sector_bufferfdd1
                0x000000000000df28     0x1600 obj.riscv.amiga_mpu_bios/fdd.o
                0x000000000000df28                sector_bufferfdd1
 .bss._ZL6osdbuf
                0x000000000000f528      0x100 obj.riscv.amiga_mpu_bios/osd.o
 .bss.framebuffer
                0x000000000000f628      0x100 obj.riscv.amiga_mpu_bios/osd.o
                0x000000000000f628                framebuffer
 *(.sbss*)
 .sbss.keyboard_is_showing
                0x000000000000f728        0x1 obj.riscv.amiga_mpu_bios/minimig_osd_keyboard.o
                0x000000000000f728                keyboard_is_showing
 .sbss.MOD_CTRL
                0x000000000000f729        0x1 obj.riscv.amiga_mpu_bios/inputs.o
                0x000000000000f729                MOD_CTRL
 .sbss.MOD_LWIN
                0x000000000000f72a        0x1 obj.riscv.amiga_mpu_bios/inputs.o
                0x000000000000f72a                MOD_LWIN
 .sbss.MOD_RSHIFT
                0x000000000000f72b        0x1 obj.riscv.amiga_mpu_bios/inputs.o
                0x000000000000f72b                MOD_RSHIFT
 .sbss.MOD_LSHIFT
                0x000000000000f72c        0x1 obj.riscv.amiga_mpu_bios/inputs.o
                0x000000000000f72c                MOD_LSHIFT
 .sbss.MOD_RALT
                0x000000000000f72d        0x1 obj.riscv.amiga_mpu_bios/inputs.o
                0x000000000000f72d                MOD_RALT
 .sbss.MOD_LALT
                0x000000000000f72e        0x1 obj.riscv.amiga_mpu_bios/inputs.o
                0x000000000000f72e                MOD_LALT
 *fill*         0x000000000000f72f        0x1 
 .sbss.keyboard_buffer
                0x000000000000f730        0x6 obj.riscv.amiga_mpu_bios/inputs.o
                0x000000000000f730                keyboard_buffer
 .sbss.Error    0x000000000000f736        0x1 obj.riscv.amiga_mpu_bios/fdd.o
                0x000000000000f736                Error
 *fill*         0x000000000000f737        0x1 
 .sbss._ZL5arrow
                0x000000000000f738        0x4 obj.riscv.amiga_mpu_bios/osd.o
 *(COMMON)
                0x000000000000f740                . = ALIGN (0x8)
 *fill*         0x000000000000f73c        0x4 
                0x0000000000013740                . = (. + 0x4000)
 *fill*         0x000000000000f740     0x4000 
                0x0000000000013730                _sp = (. - 0x10)
                0x0000000000013740                . = ALIGN (0x4)
                0x0000000000013740                _end = .

.payload
 *(.payload)
OUTPUT(build.riscv.amiga_mpu_bios/amiga_mpu_bios elf32-littleriscv)

.riscv.attributes
                0x0000000000000000       0x2f
 .riscv.attributes
                0x0000000000000000       0x2d obj.riscv.amiga_mpu_bios/boot.o
 .riscv.attributes
                0x000000000000002d       0x2b obj.riscv.amiga_mpu_bios/core.o
 .riscv.attributes
                0x0000000000000058       0x2b obj.riscv.amiga_mpu_bios/main.o
 .riscv.attributes
                0x0000000000000083       0x2b obj.riscv.amiga_mpu_bios/minimig_config.o
 .riscv.attributes
                0x00000000000000ae       0x2b obj.riscv.amiga_mpu_bios/minimig_osd_keyboard.o
 .riscv.attributes
                0x00000000000000d9       0x2b obj.riscv.amiga_mpu_bios/ide.o
 .riscv.attributes
                0x0000000000000104       0x2b obj.riscv.amiga_mpu_bios/inputs.o
 .riscv.attributes
                0x000000000000012f       0x2b obj.riscv.amiga_mpu_bios/apf.o
 .riscv.attributes
                0x000000000000015a       0x2b obj.riscv.amiga_mpu_bios/fdd.o
 .riscv.attributes
                0x0000000000000185       0x2b obj.riscv.amiga_mpu_bios/spi.o
 .riscv.attributes
                0x00000000000001b0       0x2b obj.riscv.amiga_mpu_bios/charrom.o
 .riscv.attributes
                0x00000000000001db       0x2b obj.riscv.amiga_mpu_bios/osd.o
 .riscv.attributes
                0x0000000000000206       0x2b obj.riscv.amiga_mpu_bios/uart.o
 .riscv.attributes
                0x0000000000000231       0x2b obj.riscv.amiga_mpu_bios/interrupts.o
 .riscv.attributes
                0x000000000000025c       0x2b obj.riscv.amiga_mpu_bios/riscprintf.o
 .riscv.attributes
                0x0000000000000287       0x2b obj.riscv.amiga_mpu_bios/timer.o
 .riscv.attributes
                0x00000000000002b2       0x2b obj.riscv.amiga_mpu_bios/memset.o
 .riscv.attributes
                0x00000000000002dd       0x2b obj.riscv.amiga_mpu_bios/printf.o
 .riscv.attributes
                0x0000000000000308       0x2b obj.riscv.amiga_mpu_bios/strlen.o

.comment        0x0000000000000000       0x1b
 .comment       0x0000000000000000       0x1b obj.riscv.amiga_mpu_bios/core.o
                                         0x1c (size before relaxing)
 .comment       0x000000000000001b       0x1c obj.riscv.amiga_mpu_bios/main.o
 .comment       0x000000000000001b       0x1c obj.riscv.amiga_mpu_bios/minimig_config.o
 .comment       0x000000000000001b       0x1c obj.riscv.amiga_mpu_bios/minimig_osd_keyboard.o
 .comment       0x000000000000001b       0x1c obj.riscv.amiga_mpu_bios/ide.o
 .comment       0x000000000000001b       0x1c obj.riscv.amiga_mpu_bios/inputs.o
 .comment       0x000000000000001b       0x1c obj.riscv.amiga_mpu_bios/apf.o
 .comment       0x000000000000001b       0x1c obj.riscv.amiga_mpu_bios/fdd.o
 .comment       0x000000000000001b       0x1c obj.riscv.amiga_mpu_bios/spi.o
 .comment       0x000000000000001b       0x1c obj.riscv.amiga_mpu_bios/charrom.o
 .comment       0x000000000000001b       0x1c obj.riscv.amiga_mpu_bios/osd.o
 .comment       0x000000000000001b       0x1c obj.riscv.amiga_mpu_bios/uart.o
 .comment       0x000000000000001b       0x1c obj.riscv.amiga_mpu_bios/interrupts.o
 .comment       0x000000000000001b       0x1c obj.riscv.amiga_mpu_bios/riscprintf.o
 .comment       0x000000000000001b       0x1c obj.riscv.amiga_mpu_bios/timer.o
 .comment       0x000000000000001b       0x1c obj.riscv.amiga_mpu_bios/memset.o
 .comment       0x000000000000001b       0x1c obj.riscv.amiga_mpu_bios/printf.o
 .comment       0x000000000000001b       0x1c obj.riscv.amiga_mpu_bios/strlen.o
