/mnt/f/Analogue/Analogue-Amiga/src/RISCVOS/drivers/HDD/hdd.cpp:84:13:void CalcGeometry(hdfTYPE*)	16	static
/mnt/f/Analogue/Analogue-Amiga/src/RISCVOS/drivers/HDD/hdd.cpp:114:13:void GetRDBGeometry(hdfTYPE*)	16	static
/mnt/f/Analogue/Analogue-Amiga/src/RISCVOS/drivers/HDD/hdd.cpp:355:13:void WriteTaskFile(uint8_t, uint8_t, uint8_t, uint8_t, uint8_t, uint8_t)	32	static
/mnt/f/Analogue/Analogue-Amiga/src/RISCVOS/drivers/HDD/hdd.cpp:437:12:int Preface(uint8_t*, hdfTYPE*, bool)	16	static
/mnt/f/Analogue/Analogue-Amiga/src/RISCVOS/drivers/HDD/hdd.cpp:473:13:void nextCHS(hdfTYPE*)	0	static
/mnt/f/Analogue/Analogue-Amiga/src/RISCVOS/drivers/HDD/hdd.cpp:204:17:uint32_t RDBChecksum(uint32_t*, int)	0	static
/mnt/f/Analogue/Analogue-Amiga/src/RISCVOS/drivers/HDD/hdd.cpp:544:13:void WriteSector(hdfTYPE*)	16	static
/mnt/f/Analogue/Analogue-Amiga/src/RISCVOS/drivers/HDD/hdd.cpp:510:13:void ReadSector(hdfTYPE*)	16	static
/mnt/f/Analogue/Analogue-Amiga/src/RISCVOS/drivers/HDD/hdd.cpp:690:6:void HandleHDD(uint8_t, uint8_t)	112	static
/mnt/f/Analogue/Analogue-Amiga/src/RISCVOS/drivers/HDD/hdd.cpp:744:9:uint8_t OpenHardfile(uint8_t, uint16_t)	48	static
/mnt/f/Analogue/Analogue-Amiga/src/RISCVOS/drivers/HDD/hdd.cpp:770:5:int checkHDF(uint16_t, RigidDiskBlock**)	32	static
