/mnt/f/Analogue/Analogue-Amiga/src/RISCVOS/drivers/osd/osd.cpp:48:6:void OsdSetSize(int)	0	static
/mnt/f/Analogue/Analogue-Amiga/src/RISCVOS/drivers/osd/osd.cpp:53:5:int OsdGetSize()	0	static
/mnt/f/Analogue/Analogue-Amiga/src/RISCVOS/drivers/osd/osd.cpp:143:6:void OsdSetTitle(const char*, int)	48	static
/mnt/f/Analogue/Analogue-Amiga/src/RISCVOS/drivers/osd/osd.cpp:197:6:void OsdSetArrow(int)	0	static
/mnt/f/Analogue/Analogue-Amiga/src/RISCVOS/drivers/osd/osd.cpp:236:6:void OsdWriteOffset(unsigned char, const char*, unsigned char, unsigned char, char, char, char, int, int)	112	static
/mnt/f/Analogue/Analogue-Amiga/src/RISCVOS/drivers/osd/osd.cpp:202:6:void OsdWrite(unsigned char, const char*, unsigned char, unsigned char, char, int, int)	32	static
/mnt/f/Analogue/Analogue-Amiga/src/RISCVOS/drivers/osd/osd.cpp:371:6:void OsdShiftDown(unsigned char)	0	static
/mnt/f/Analogue/Analogue-Amiga/src/RISCVOS/drivers/osd/osd.cpp:384:6:void OSD_PrintInfo(const char*, int*, int*, int)	32	static
/mnt/f/Analogue/Analogue-Amiga/src/RISCVOS/drivers/osd/osd.cpp:453:6:void OsdClear()	0	static
/mnt/f/Analogue/Analogue-Amiga/src/RISCVOS/drivers/osd/osd.cpp:460:6:void OsdEnable(unsigned char)	0	static
/mnt/f/Analogue/Analogue-Amiga/src/RISCVOS/drivers/osd/osd.cpp:467:6:void InfoEnable(int, int, int, int)	32	static
/mnt/f/Analogue/Analogue-Amiga/src/RISCVOS/drivers/osd/osd.cpp:478:6:void OsdRotation(uint8_t)	16	static
/mnt/f/Analogue/Analogue-Amiga/src/RISCVOS/drivers/osd/osd.cpp:490:6:void OsdDisable()	0	static
/mnt/f/Analogue/Analogue-Amiga/src/RISCVOS/drivers/osd/osd.cpp:496:6:void OsdMenuCtl(int)	16	static
/mnt/f/Analogue/Analogue-Amiga/src/RISCVOS/drivers/osd/osd.cpp:559:6:void OsdCoreNameSet(const char*)	0	static
/mnt/f/Analogue/Analogue-Amiga/src/RISCVOS/drivers/osd/osd.cpp:564:7:char* OsdCoreNameGet()	0	static
/mnt/f/Analogue/Analogue-Amiga/src/RISCVOS/drivers/osd/osd.cpp:569:6:void OsdUpdate()	32	static
