/mnt/f/Analogue/Analogue-Amiga/src/MPUBIOS/drivers/HDD/ide.cpp:406:13:void put_lba(ide_config*, uint32_t)	0	static
/mnt/f/Analogue/Analogue-Amiga/src/MPUBIOS/drivers/HDD/ide.cpp:232:13:void ide_set_geometry(drive_t*, uint16_t, uint16_t)	16	static
/mnt/f/Analogue/Analogue-Amiga/src/MPUBIOS/drivers/HDD/ide.cpp:384:17:uint32_t get_lba(ide_config*)	0	static
/mnt/f/Analogue/Analogue-Amiga/src/MPUBIOS/drivers/HDD/ide.cpp:38:6:void ide_reg_set(ide_config*, uint16_t, uint16_t)	16	static
/mnt/f/Analogue/Analogue-Amiga/src/MPUBIOS/drivers/HDD/ide.cpp:47:6:void ide_sendbuf(ide_config*, uint16_t, uint32_t, uint16_t*, bool)	32	static
/mnt/f/Analogue/Analogue-Amiga/src/MPUBIOS/drivers/HDD/ide.cpp:58:6:void ide_recvbuf(ide_config*, uint16_t, uint32_t, uint16_t*, bool)	32	static
/mnt/f/Analogue/Analogue-Amiga/src/MPUBIOS/drivers/HDD/ide.cpp:71:10:uint16_t ide_check()	16	static
/mnt/f/Analogue/Analogue-Amiga/src/MPUBIOS/drivers/HDD/ide.cpp:81:6:void ide_get_regs(ide_config*)	32	static
/mnt/f/Analogue/Analogue-Amiga/src/MPUBIOS/drivers/HDD/ide.cpp:103:6:void ide_set_regs(ide_config*)	32	static
/mnt/f/Analogue/Analogue-Amiga/src/MPUBIOS/drivers/HDD/ide.cpp:461:13:void process_read(ide_config*, int)	48	static
/mnt/f/Analogue/Analogue-Amiga/src/MPUBIOS/drivers/HDD/ide.cpp:531:13:void process_write(ide_config*, int)	48	static
/mnt/f/Analogue/Analogue-Amiga/src/MPUBIOS/drivers/HDD/ide.cpp:584:12:int handle_hdd(ide_config*)	16	static
/mnt/f/Analogue/Analogue-Amiga/src/MPUBIOS/drivers/HDD/ide.cpp:129:6:void calc_geometry(hdfTYPE*)	16	static
/mnt/f/Analogue/Analogue-Amiga/src/MPUBIOS/drivers/HDD/ide.cpp:159:6:void get_rdb_geometry(hdfTYPE*)	16	static
/mnt/f/Analogue/Analogue-Amiga/src/MPUBIOS/drivers/HDD/ide.cpp:181:6:void guess_geometry(hdfTYPE*)	32	static
/mnt/f/Analogue/Analogue-Amiga/src/MPUBIOS/drivers/HDD/ide.cpp:272:6:void ide_img_set(uint32_t, uint16_t, int, int, int, int)	80	static
/mnt/f/Analogue/Analogue-Amiga/src/MPUBIOS/drivers/HDD/ide.cpp:679:6:void ide_io(int, int)	32	static
/mnt/f/Analogue/Analogue-Amiga/src/MPUBIOS/drivers/HDD/ide.cpp:751:5:int ide_is_placeholder(int)	0	static
/mnt/f/Analogue/Analogue-Amiga/src/MPUBIOS/drivers/HDD/ide.cpp:756:6:void ide_reset(uint8_t*)	0	static
/mnt/f/Analogue/Analogue-Amiga/src/MPUBIOS/drivers/HDD/ide.cpp:769:5:int ide_open(uint8_t, uint16_t)	16	static
/mnt/f/Analogue/Analogue-Amiga/src/MPUBIOS/drivers/HDD/ide.cpp:791:1:cpp)	0	static
